<?xml version="1.0"?>
<link_info>
   <banner>TMS320C2000 Linker Unix v15.12.4.LTS</banner>
   <copyright>Copyright (c) 1996-2015 Texas Instruments Incorporated</copyright>
   <link_time>0x58751f35</link_time>
   <link_errors>0x0</link_errors>
   <output_file>ADC_DC_Logger_CPU2.out</output_file>
   <entry_point>
      <name>_c_int00</name>
      <address>0x841aa</address>
   </entry_point>
   <input_file_list>
      <input_file id="fl-2">
         <path>./</path>
         <kind>object</kind>
         <file>F2837xD_CodeStartBranch.obj</file>
         <name>F2837xD_CodeStartBranch.obj</name>
      </input_file>
      <input_file id="fl-3">
         <path>./</path>
         <kind>object</kind>
         <file>F2837xD_DefaultISR.obj</file>
         <name>F2837xD_DefaultISR.obj</name>
      </input_file>
      <input_file id="fl-4">
         <path>./</path>
         <kind>object</kind>
         <file>F2837xD_GlobalVariableDefs.obj</file>
         <name>F2837xD_GlobalVariableDefs.obj</name>
      </input_file>
      <input_file id="fl-5">
         <path>./</path>
         <kind>object</kind>
         <file>F2837xD_Gpio.obj</file>
         <name>F2837xD_Gpio.obj</name>
      </input_file>
      <input_file id="fl-6">
         <path>./</path>
         <kind>object</kind>
         <file>F2837xD_Ipc.obj</file>
         <name>F2837xD_Ipc.obj</name>
      </input_file>
      <input_file id="fl-7">
         <path>./</path>
         <kind>object</kind>
         <file>F2837xD_Ipc_Driver_Util.obj</file>
         <name>F2837xD_Ipc_Driver_Util.obj</name>
      </input_file>
      <input_file id="fl-8">
         <path>./</path>
         <kind>object</kind>
         <file>F2837xD_PieCtrl.obj</file>
         <name>F2837xD_PieCtrl.obj</name>
      </input_file>
      <input_file id="fl-9">
         <path>./</path>
         <kind>object</kind>
         <file>F2837xD_PieVect.obj</file>
         <name>F2837xD_PieVect.obj</name>
      </input_file>
      <input_file id="fl-a">
         <path>./</path>
         <kind>object</kind>
         <file>F2837xD_SysCtrl.obj</file>
         <name>F2837xD_SysCtrl.obj</name>
      </input_file>
      <input_file id="fl-b">
         <path>./</path>
         <kind>object</kind>
         <file>F2837xD_usDelay.obj</file>
         <name>F2837xD_usDelay.obj</name>
      </input_file>
      <input_file id="fl-c">
         <path>./</path>
         <kind>object</kind>
         <file>cpu2_main.obj</file>
         <name>cpu2_main.obj</name>
      </input_file>
      <input_file id="fl-d">
         <path>./</path>
         <kind>object</kind>
         <file>ff.obj</file>
         <name>ff.obj</name>
      </input_file>
      <input_file id="fl-e">
         <path>./</path>
         <kind>object</kind>
         <file>sdmm.obj</file>
         <name>sdmm.obj</name>
      </input_file>
      <input_file id="fl-19">
         <path>/home/jason/software/ti/ccsv6/tools/compiler/ti-cgt-c2000_15.12.4.LTS/lib/</path>
         <kind>archive</kind>
         <file>rts2800_ml.lib</file>
         <name>boot.obj</name>
      </input_file>
      <input_file id="fl-1a">
         <path>/home/jason/software/ti/ccsv6/tools/compiler/ti-cgt-c2000_15.12.4.LTS/lib/</path>
         <kind>archive</kind>
         <file>rts2800_ml.lib</file>
         <name>cpy_tbl.obj</name>
      </input_file>
      <input_file id="fl-1b">
         <path>/home/jason/software/ti/ccsv6/tools/compiler/ti-cgt-c2000_15.12.4.LTS/lib/</path>
         <kind>archive</kind>
         <file>rts2800_ml.lib</file>
         <name>cpy_utils.obj</name>
      </input_file>
      <input_file id="fl-1c">
         <path>/home/jason/software/ti/ccsv6/tools/compiler/ti-cgt-c2000_15.12.4.LTS/lib/</path>
         <kind>archive</kind>
         <file>rts2800_ml.lib</file>
         <name>exit.obj</name>
      </input_file>
      <input_file id="fl-1d">
         <path>/home/jason/software/ti/ccsv6/tools/compiler/ti-cgt-c2000_15.12.4.LTS/lib/</path>
         <kind>archive</kind>
         <file>rts2800_ml.lib</file>
         <name>fd_div.obj</name>
      </input_file>
      <input_file id="fl-1e">
         <path>/home/jason/software/ti/ccsv6/tools/compiler/ti-cgt-c2000_15.12.4.LTS/lib/</path>
         <kind>archive</kind>
         <file>rts2800_ml.lib</file>
         <name>fd_mpy.obj</name>
      </input_file>
      <input_file id="fl-1f">
         <path>/home/jason/software/ti/ccsv6/tools/compiler/ti-cgt-c2000_15.12.4.LTS/lib/</path>
         <kind>archive</kind>
         <file>rts2800_ml.lib</file>
         <name>fd_sub.obj</name>
      </input_file>
      <input_file id="fl-20">
         <path>/home/jason/software/ti/ccsv6/tools/compiler/ti-cgt-c2000_15.12.4.LTS/lib/</path>
         <kind>archive</kind>
         <file>rts2800_ml.lib</file>
         <name>fd_tol.obj</name>
      </input_file>
      <input_file id="fl-21">
         <path>/home/jason/software/ti/ccsv6/tools/compiler/ti-cgt-c2000_15.12.4.LTS/lib/</path>
         <kind>archive</kind>
         <file>rts2800_ml.lib</file>
         <name>ll_aox.obj</name>
      </input_file>
      <input_file id="fl-22">
         <path>/home/jason/software/ti/ccsv6/tools/compiler/ti-cgt-c2000_15.12.4.LTS/lib/</path>
         <kind>archive</kind>
         <file>rts2800_ml.lib</file>
         <name>memcpy.obj</name>
      </input_file>
      <input_file id="fl-23">
         <path>/home/jason/software/ti/ccsv6/tools/compiler/ti-cgt-c2000_15.12.4.LTS/lib/</path>
         <kind>archive</kind>
         <file>rts2800_ml.lib</file>
         <name>memset.obj</name>
      </input_file>
      <input_file id="fl-24">
         <path>/home/jason/software/ti/ccsv6/tools/compiler/ti-cgt-c2000_15.12.4.LTS/lib/</path>
         <kind>archive</kind>
         <file>rts2800_ml.lib</file>
         <name>pre_init.obj</name>
      </input_file>
      <input_file id="fl-25">
         <path>/home/jason/software/ti/ccsv6/tools/compiler/ti-cgt-c2000_15.12.4.LTS/lib/</path>
         <kind>archive</kind>
         <file>rts2800_ml.lib</file>
         <name>startup.obj</name>
      </input_file>
      <input_file id="fl-26">
         <path>/home/jason/software/ti/ccsv6/tools/compiler/ti-cgt-c2000_15.12.4.LTS/lib/</path>
         <kind>archive</kind>
         <file>rts2800_ml.lib</file>
         <name>u_tofd.obj</name>
      </input_file>
      <input_file id="fl-27">
         <path>/home/jason/software/ti/ccsv6/tools/compiler/ti-cgt-c2000_15.12.4.LTS/lib/</path>
         <kind>archive</kind>
         <file>rts2800_ml.lib</file>
         <name>_lock.obj</name>
      </input_file>
      <input_file id="fl-28">
         <path>/home/jason/software/ti/ccsv6/tools/compiler/ti-cgt-c2000_15.12.4.LTS/lib/</path>
         <kind>archive</kind>
         <file>rts2800_ml.lib</file>
         <name>args_main.obj</name>
      </input_file>
      <input_file id="fl-29">
         <path>/home/jason/software/ti/ccsv6/tools/compiler/ti-cgt-c2000_15.12.4.LTS/lib/</path>
         <kind>archive</kind>
         <file>rts2800_ml.lib</file>
         <name>fd_add.obj</name>
      </input_file>
   </input_file_list>
   <object_component_list>
      <object_component id="oc-129">
         <name>.cinit</name>
         <load_address>0x821e8</load_address>
         <run_address>0x821e8</run_address>
         <size>0xe</size>
         <input_file_ref idref="fl-1c"/>
      </object_component>
      <object_component id="oc-177">
         <name>.cinit:__lock</name>
         <load_address>0x821f6</load_address>
         <run_address>0x821f6</run_address>
         <size>0x5</size>
         <input_file_ref idref="fl-27"/>
      </object_component>
      <object_component id="oc-17f">
         <name>.cinit:__unlock</name>
         <load_address>0x821fb</load_address>
         <run_address>0x821fb</run_address>
         <size>0x5</size>
         <input_file_ref idref="fl-27"/>
      </object_component>
      <object_component id="oc-111">
         <name>.cinit</name>
         <load_address>0x82200</load_address>
         <run_address>0x82200</run_address>
         <size>0x4</size>
         <input_file_ref idref="fl-e"/>
      </object_component>
      <object_component id="oc-17d">
         <name>.text</name>
         <load_address>0x82208</load_address>
         <run_address>0x82208</run_address>
         <size>0x147e</size>
         <input_file_ref idref="fl-d"/>
      </object_component>
      <object_component id="oc-181">
         <name>.text</name>
         <load_address>0x83686</load_address>
         <run_address>0x83686</run_address>
         <size>0x397</size>
         <input_file_ref idref="fl-e"/>
      </object_component>
      <object_component id="oc-7c">
         <name>.text:retain</name>
         <load_address>0x83a1d</load_address>
         <run_address>0x83a1d</run_address>
         <size>0x2c1</size>
         <input_file_ref idref="fl-3"/>
      </object_component>
      <object_component id="oc-179">
         <name>.text</name>
         <load_address>0x83cde</load_address>
         <run_address>0x83cde</run_address>
         <size>0x21b</size>
         <input_file_ref idref="fl-a"/>
      </object_component>
      <object_component id="oc-175">
         <name>.text</name>
         <load_address>0x83ef9</load_address>
         <run_address>0x83ef9</run_address>
         <size>0xb8</size>
         <input_file_ref idref="fl-c"/>
      </object_component>
      <object_component id="oc-171">
         <name>.text</name>
         <load_address>0x83fb1</load_address>
         <run_address>0x83fb1</run_address>
         <size>0x46</size>
         <input_file_ref idref="fl-1a"/>
      </object_component>
      <object_component id="oc-17e">
         <name>.text</name>
         <load_address>0x83ff7</load_address>
         <run_address>0x83ff7</run_address>
         <size>0x9</size>
         <input_file_ref idref="fl-27"/>
      </object_component>
      <object_component id="oc-16b">
         <name>.text</name>
         <load_address>0x84000</load_address>
         <run_address>0x84000</run_address>
         <size>0x9c</size>
         <input_file_ref idref="fl-29"/>
      </object_component>
      <object_component id="oc-12f">
         <name>.text</name>
         <load_address>0x8409c</load_address>
         <run_address>0x8409c</run_address>
         <size>0x8b</size>
         <input_file_ref idref="fl-1d"/>
      </object_component>
      <object_component id="oc-134">
         <name>.text</name>
         <load_address>0x84127</load_address>
         <run_address>0x84127</run_address>
         <size>0x83</size>
         <input_file_ref idref="fl-1e"/>
      </object_component>
      <object_component id="oc-75">
         <name>.text</name>
         <load_address>0x841aa</load_address>
         <run_address>0x841aa</run_address>
         <size>0x54</size>
         <input_file_ref idref="fl-19"/>
      </object_component>
      <object_component id="oc-174">
         <name>.text</name>
         <load_address>0x841fe</load_address>
         <run_address>0x841fe</run_address>
         <size>0x29</size>
         <input_file_ref idref="fl-1c"/>
      </object_component>
      <object_component id="oc-17b">
         <name>.text</name>
         <load_address>0x84227</load_address>
         <run_address>0x84227</run_address>
         <size>0x28</size>
         <input_file_ref idref="fl-8"/>
      </object_component>
      <object_component id="oc-17c">
         <name>.text</name>
         <load_address>0x8424f</load_address>
         <run_address>0x8424f</run_address>
         <size>0x26</size>
         <input_file_ref idref="fl-9"/>
      </object_component>
      <object_component id="oc-13e">
         <name>.text</name>
         <load_address>0x84275</load_address>
         <run_address>0x84275</run_address>
         <size>0x1f</size>
         <input_file_ref idref="fl-20"/>
      </object_component>
      <object_component id="oc-178">
         <name>.text</name>
         <load_address>0x84294</load_address>
         <run_address>0x84294</run_address>
         <size>0x1d</size>
         <input_file_ref idref="fl-22"/>
      </object_component>
      <object_component id="oc-123">
         <name>.text</name>
         <load_address>0x842b1</load_address>
         <run_address>0x842b1</run_address>
         <size>0x1a</size>
         <input_file_ref idref="fl-1b"/>
      </object_component>
      <object_component id="oc-173">
         <name>.text</name>
         <load_address>0x842cb</load_address>
         <run_address>0x842cb</run_address>
         <size>0x19</size>
         <input_file_ref idref="fl-28"/>
      </object_component>
      <object_component id="oc-143">
         <name>.text</name>
         <load_address>0x842e4</load_address>
         <run_address>0x842e4</run_address>
         <size>0x18</size>
         <input_file_ref idref="fl-21"/>
      </object_component>
      <object_component id="oc-15c">
         <name>.text</name>
         <load_address>0x842fc</load_address>
         <run_address>0x842fc</run_address>
         <size>0x17</size>
         <input_file_ref idref="fl-26"/>
      </object_component>
      <object_component id="oc-139">
         <name>.text</name>
         <load_address>0x84313</load_address>
         <run_address>0x84313</run_address>
         <size>0xe</size>
         <input_file_ref idref="fl-1f"/>
      </object_component>
      <object_component id="oc-170">
         <name>.text</name>
         <load_address>0x84321</load_address>
         <run_address>0x84321</run_address>
         <size>0x2</size>
         <input_file_ref idref="fl-24"/>
      </object_component>
      <object_component id="oc-172">
         <name>.text</name>
         <load_address>0x84323</load_address>
         <run_address>0x84323</run_address>
         <size>0x1</size>
         <input_file_ref idref="fl-25"/>
      </object_component>
      <object_component id="oc-76">
         <name>codestart</name>
         <load_address>0x80000</load_address>
         <run_address>0x80000</run_address>
         <size>0x2</size>
         <input_file_ref idref="fl-2"/>
      </object_component>
      <object_component id="oc-118">
         <name>.stack</name>
         <uninitialized>true</uninitialized>
         <run_address>0x400</run_address>
         <size>0x0</size>
         <input_file_ref idref="fl-19"/>
      </object_component>
      <object_component id="oc-200">
         <name>.stack</name>
         <uninitialized>true</uninitialized>
         <run_address>0x400</run_address>
         <size>0x0</size>
      </object_component>
      <object_component id="oc-101">
         <name>.ebss</name>
         <uninitialized>true</uninitialized>
         <run_address>0xa800</run_address>
         <size>0x25a</size>
         <input_file_ref idref="fl-c"/>
      </object_component>
      <object_component id="oc-10a">
         <name>.ebss</name>
         <uninitialized>true</uninitialized>
         <run_address>0xaa60</run_address>
         <size>0x4</size>
         <input_file_ref idref="fl-d"/>
      </object_component>
      <object_component id="oc-112">
         <name>.ebss</name>
         <uninitialized>true</uninitialized>
         <run_address>0xaa68</run_address>
         <size>0x2</size>
         <input_file_ref idref="fl-e"/>
      </object_component>
      <object_component id="oc-12a">
         <name>.ebss</name>
         <uninitialized>true</uninitialized>
         <run_address>0xaa5a</run_address>
         <size>0x6</size>
         <input_file_ref idref="fl-1c"/>
      </object_component>
      <object_component id="oc-182">
         <name>.ebss:__unlock</name>
         <uninitialized>true</uninitialized>
         <run_address>0xaa66</run_address>
         <size>0x2</size>
         <input_file_ref idref="fl-27"/>
      </object_component>
      <object_component id="oc-176">
         <name>.ebss:__lock</name>
         <uninitialized>true</uninitialized>
         <run_address>0xaa64</run_address>
         <size>0x2</size>
         <input_file_ref idref="fl-27"/>
      </object_component>
      <object_component id="oc-180">
         <name>.econst:_PieVectTableInit</name>
         <load_address>0x82000</load_address>
         <run_address>0x82000</run_address>
         <size>0x1c0</size>
         <input_file_ref idref="fl-9"/>
      </object_component>
      <object_component id="oc-10b">
         <name>.econst:.string</name>
         <load_address>0x821c0</load_address>
         <run_address>0x821c0</run_address>
         <size>0xf</size>
         <input_file_ref idref="fl-d"/>
      </object_component>
      <object_component id="oc-113">
         <name>.econst</name>
         <load_address>0x821d0</load_address>
         <run_address>0x821d0</run_address>
         <size>0xc</size>
         <input_file_ref idref="fl-e"/>
      </object_component>
      <object_component id="oc-104">
         <name>.econst:.string</name>
         <load_address>0x821dc</load_address>
         <run_address>0x821dc</run_address>
         <size>0xb</size>
         <input_file_ref idref="fl-c"/>
      </object_component>
      <object_component id="oc-119">
         <name>.reset</name>
         <load_address>0x3fffc0</load_address>
         <run_address>0x3fffc0</run_address>
         <size>0x2</size>
         <input_file_ref idref="fl-19"/>
      </object_component>
      <object_component id="oc-100">
         <name>SHARERAMGS1</name>
         <uninitialized>true</uninitialized>
         <run_address>0xd000</run_address>
         <size>0x1</size>
         <input_file_ref idref="fl-c"/>
      </object_component>
      <object_component id="oc-fe">
         <name>SHARERAMGS2</name>
         <uninitialized>true</uninitialized>
         <run_address>0xe000</run_address>
         <size>0x1</size>
         <input_file_ref idref="fl-c"/>
      </object_component>
      <object_component id="oc-fd">
         <name>SHARERAMGS3</name>
         <uninitialized>true</uninitialized>
         <run_address>0xf000</run_address>
         <size>0x1</size>
         <input_file_ref idref="fl-c"/>
      </object_component>
      <object_component id="oc-103">
         <name>SHARERAMGS4</name>
         <uninitialized>true</uninitialized>
         <run_address>0x10000</run_address>
         <size>0x5000</size>
         <input_file_ref idref="fl-c"/>
      </object_component>
      <object_component id="oc-102">
         <name>SHARERAMGS5</name>
         <uninitialized>true</uninitialized>
         <run_address>0x15000</run_address>
         <size>0x5000</size>
         <input_file_ref idref="fl-c"/>
      </object_component>
      <object_component id="oc-ff">
         <name>SHARERAMGS14</name>
         <uninitialized>true</uninitialized>
         <run_address>0x1a000</run_address>
         <size>0x1</size>
         <input_file_ref idref="fl-c"/>
      </object_component>
      <object_component id="oc-fc">
         <name>SHARERAMGS15</name>
         <uninitialized>true</uninitialized>
         <run_address>0x1b000</run_address>
         <size>0x1</size>
         <input_file_ref idref="fl-c"/>
      </object_component>
      <object_component id="oc-17a">
         <name>.TI.ramfunc</name>
         <load_address>0x86000</load_address>
         <run_address>0x8000</run_address>
         <size>0x37</size>
         <input_file_ref idref="fl-a"/>
      </object_component>
      <object_component id="oc-f6">
         <name>.TI.ramfunc</name>
         <load_address>0x86037</load_address>
         <run_address>0x8037</run_address>
         <size>0x4</size>
         <input_file_ref idref="fl-b"/>
      </object_component>
      <object_component id="oc-d6">
         <name>PieVectTableFile</name>
         <uninitialized>true</uninitialized>
         <run_address>0xd00</run_address>
         <size>0x1c0</size>
         <input_file_ref idref="fl-4"/>
      </object_component>
      <object_component id="oc-82">
         <name>EmuKeyVar</name>
         <uninitialized>true</uninitialized>
         <run_address>0xd00</run_address>
         <size>0x1</size>
         <input_file_ref idref="fl-4"/>
      </object_component>
      <object_component id="oc-83">
         <name>EmuBModeVar</name>
         <uninitialized>true</uninitialized>
         <run_address>0xd01</run_address>
         <size>0x1</size>
         <input_file_ref idref="fl-4"/>
      </object_component>
      <object_component id="oc-99">
         <name>AdcaResultFile</name>
         <uninitialized>true</uninitialized>
         <run_address>0xb00</run_address>
         <size>0x18</size>
         <input_file_ref idref="fl-4"/>
      </object_component>
      <object_component id="oc-98">
         <name>AdcbResultFile</name>
         <uninitialized>true</uninitialized>
         <run_address>0xb20</run_address>
         <size>0x18</size>
         <input_file_ref idref="fl-4"/>
      </object_component>
      <object_component id="oc-96">
         <name>AdccResultFile</name>
         <uninitialized>true</uninitialized>
         <run_address>0xb40</run_address>
         <size>0x18</size>
         <input_file_ref idref="fl-4"/>
      </object_component>
      <object_component id="oc-97">
         <name>AdcdResultFile</name>
         <uninitialized>true</uninitialized>
         <run_address>0xb60</run_address>
         <size>0x18</size>
         <input_file_ref idref="fl-4"/>
      </object_component>
      <object_component id="oc-c0">
         <name>AdcaRegsFile</name>
         <uninitialized>true</uninitialized>
         <run_address>0x7400</run_address>
         <size>0x80</size>
         <input_file_ref idref="fl-4"/>
      </object_component>
      <object_component id="oc-c4">
         <name>AdcbRegsFile</name>
         <uninitialized>true</uninitialized>
         <run_address>0x7480</run_address>
         <size>0x80</size>
         <input_file_ref idref="fl-4"/>
      </object_component>
      <object_component id="oc-c6">
         <name>AdccRegsFile</name>
         <uninitialized>true</uninitialized>
         <run_address>0x7500</run_address>
         <size>0x80</size>
         <input_file_ref idref="fl-4"/>
      </object_component>
      <object_component id="oc-c2">
         <name>AdcdRegsFile</name>
         <uninitialized>true</uninitialized>
         <run_address>0x7580</run_address>
         <size>0x80</size>
         <input_file_ref idref="fl-4"/>
      </object_component>
      <object_component id="oc-bb">
         <name>Cla1RegsFile</name>
         <uninitialized>true</uninitialized>
         <run_address>0x1400</run_address>
         <size>0x3e</size>
         <input_file_ref idref="fl-4"/>
      </object_component>
      <object_component id="oc-85">
         <name>Cla1SoftIntRegsFile</name>
         <uninitialized>true</uninitialized>
         <run_address>0xce0</run_address>
         <size>0x4</size>
         <input_file_ref idref="fl-4"/>
      </object_component>
      <object_component id="oc-ac">
         <name>Cmpss1RegsFile</name>
         <uninitialized>true</uninitialized>
         <run_address>0x5c80</run_address>
         <size>0x20</size>
         <input_file_ref idref="fl-4"/>
      </object_component>
      <object_component id="oc-a6">
         <name>Cmpss2RegsFile</name>
         <uninitialized>true</uninitialized>
         <run_address>0x5ca0</run_address>
         <size>0x20</size>
         <input_file_ref idref="fl-4"/>
      </object_component>
      <object_component id="oc-a7">
         <name>Cmpss3RegsFile</name>
         <uninitialized>true</uninitialized>
         <run_address>0x5cc0</run_address>
         <size>0x20</size>
         <input_file_ref idref="fl-4"/>
      </object_component>
      <object_component id="oc-aa">
         <name>Cmpss4RegsFile</name>
         <uninitialized>true</uninitialized>
         <run_address>0x5ce0</run_address>
         <size>0x20</size>
         <input_file_ref idref="fl-4"/>
      </object_component>
      <object_component id="oc-ab">
         <name>Cmpss5RegsFile</name>
         <uninitialized>true</uninitialized>
         <run_address>0x5d00</run_address>
         <size>0x20</size>
         <input_file_ref idref="fl-4"/>
      </object_component>
      <object_component id="oc-a2">
         <name>Cmpss6RegsFile</name>
         <uninitialized>true</uninitialized>
         <run_address>0x5d20</run_address>
         <size>0x20</size>
         <input_file_ref idref="fl-4"/>
      </object_component>
      <object_component id="oc-a3">
         <name>Cmpss7RegsFile</name>
         <uninitialized>true</uninitialized>
         <run_address>0x5d40</run_address>
         <size>0x20</size>
         <input_file_ref idref="fl-4"/>
      </object_component>
      <object_component id="oc-a1">
         <name>Cmpss8RegsFile</name>
         <uninitialized>true</uninitialized>
         <run_address>0x5d60</run_address>
         <size>0x20</size>
         <input_file_ref idref="fl-4"/>
      </object_component>
      <object_component id="oc-87">
         <name>CpuTimer0RegsFile</name>
         <uninitialized>true</uninitialized>
         <run_address>0xc00</run_address>
         <size>0x8</size>
         <input_file_ref idref="fl-4"/>
      </object_component>
      <object_component id="oc-88">
         <name>CpuTimer1RegsFile</name>
         <uninitialized>true</uninitialized>
         <run_address>0xc08</run_address>
         <size>0x8</size>
         <input_file_ref idref="fl-4"/>
      </object_component>
      <object_component id="oc-8d">
         <name>CpuTimer2RegsFile</name>
         <uninitialized>true</uninitialized>
         <run_address>0xc10</run_address>
         <size>0x8</size>
         <input_file_ref idref="fl-4"/>
      </object_component>
      <object_component id="oc-8a">
         <name>DacaRegsFile</name>
         <uninitialized>true</uninitialized>
         <run_address>0x5c00</run_address>
         <size>0x8</size>
         <input_file_ref idref="fl-4"/>
      </object_component>
      <object_component id="oc-89">
         <name>DacbRegsFile</name>
         <uninitialized>true</uninitialized>
         <run_address>0x5c10</run_address>
         <size>0x8</size>
         <input_file_ref idref="fl-4"/>
      </object_component>
      <object_component id="oc-8b">
         <name>DaccRegsFile</name>
         <uninitialized>true</uninitialized>
         <run_address>0x5c20</run_address>
         <size>0x8</size>
         <input_file_ref idref="fl-4"/>
      </object_component>
      <object_component id="oc-b5">
         <name>DcsmZ1RegsFile</name>
         <uninitialized>true</uninitialized>
         <run_address>0x5f000</run_address>
         <size>0x24</size>
         <input_file_ref idref="fl-4"/>
      </object_component>
      <object_component id="oc-b6">
         <name>DcsmZ2RegsFile</name>
         <uninitialized>true</uninitialized>
         <run_address>0x5f040</run_address>
         <size>0x24</size>
         <input_file_ref idref="fl-4"/>
      </object_component>
      <object_component id="oc-8c">
         <name>DcsmCommonRegsFile</name>
         <uninitialized>true</uninitialized>
         <run_address>0x5f070</run_address>
         <size>0x8</size>
         <input_file_ref idref="fl-4"/>
      </object_component>
      <object_component id="oc-a4">
         <name>DcsmZ1OtpFile</name>
         <uninitialized>true</uninitialized>
         <run_address>0x78000</run_address>
         <size>0x20</size>
         <input_file_ref idref="fl-4"/>
      </object_component>
      <object_component id="oc-a5">
         <name>DcsmZ2OtpFile</name>
         <uninitialized>true</uninitialized>
         <run_address>0x78200</run_address>
         <size>0x20</size>
         <input_file_ref idref="fl-4"/>
      </object_component>
      <object_component id="oc-c8">
         <name>DmaRegsFile</name>
         <uninitialized>true</uninitialized>
         <run_address>0x1000</run_address>
         <size>0xe0</size>
         <input_file_ref idref="fl-4"/>
      </object_component>
      <object_component id="oc-9a">
         <name>DmaClaSrcSelRegsFile</name>
         <uninitialized>true</uninitialized>
         <run_address>0x7980</run_address>
         <size>0x1a</size>
         <input_file_ref idref="fl-4"/>
      </object_component>
      <object_component id="oc-a8">
         <name>ECap1RegsFile</name>
         <uninitialized>true</uninitialized>
         <run_address>0x5000</run_address>
         <size>0x20</size>
         <input_file_ref idref="fl-4"/>
      </object_component>
      <object_component id="oc-a9">
         <name>ECap2RegsFile</name>
         <uninitialized>true</uninitialized>
         <run_address>0x5020</run_address>
         <size>0x20</size>
         <input_file_ref idref="fl-4"/>
      </object_component>
      <object_component id="oc-9e">
         <name>ECap3RegsFile</name>
         <uninitialized>true</uninitialized>
         <run_address>0x5040</run_address>
         <size>0x20</size>
         <input_file_ref idref="fl-4"/>
      </object_component>
      <object_component id="oc-9f">
         <name>ECap4RegsFile</name>
         <uninitialized>true</uninitialized>
         <run_address>0x5060</run_address>
         <size>0x20</size>
         <input_file_ref idref="fl-4"/>
      </object_component>
      <object_component id="oc-9c">
         <name>ECap5RegsFile</name>
         <uninitialized>true</uninitialized>
         <run_address>0x5080</run_address>
         <size>0x20</size>
         <input_file_ref idref="fl-4"/>
      </object_component>
      <object_component id="oc-9d">
         <name>ECap6RegsFile</name>
         <uninitialized>true</uninitialized>
         <run_address>0x50a0</run_address>
         <size>0x20</size>
         <input_file_ref idref="fl-4"/>
      </object_component>
      <object_component id="oc-bf">
         <name>Emif1RegsFile</name>
         <uninitialized>true</uninitialized>
         <run_address>0x47000</run_address>
         <size>0x70</size>
         <input_file_ref idref="fl-4"/>
      </object_component>
      <object_component id="oc-be">
         <name>Emif2RegsFile</name>
         <uninitialized>true</uninitialized>
         <run_address>0x47800</run_address>
         <size>0x70</size>
         <input_file_ref idref="fl-4"/>
      </object_component>
      <object_component id="oc-d4">
         <name>EPwm1RegsFile</name>
         <uninitialized>true</uninitialized>
         <run_address>0x4000</run_address>
         <size>0x100</size>
         <input_file_ref idref="fl-4"/>
      </object_component>
      <object_component id="oc-cb">
         <name>EPwm2RegsFile</name>
         <uninitialized>true</uninitialized>
         <run_address>0x4100</run_address>
         <size>0x100</size>
         <input_file_ref idref="fl-4"/>
      </object_component>
      <object_component id="oc-ca">
         <name>EPwm3RegsFile</name>
         <uninitialized>true</uninitialized>
         <run_address>0x4200</run_address>
         <size>0x100</size>
         <input_file_ref idref="fl-4"/>
      </object_component>
      <object_component id="oc-c9">
         <name>EPwm4RegsFile</name>
         <uninitialized>true</uninitialized>
         <run_address>0x4300</run_address>
         <size>0x100</size>
         <input_file_ref idref="fl-4"/>
      </object_component>
      <object_component id="oc-cc">
         <name>EPwm5RegsFile</name>
         <uninitialized>true</uninitialized>
         <run_address>0x4400</run_address>
         <size>0x100</size>
         <input_file_ref idref="fl-4"/>
      </object_component>
      <object_component id="oc-d2">
         <name>EPwm6RegsFile</name>
         <uninitialized>true</uninitialized>
         <run_address>0x4500</run_address>
         <size>0x100</size>
         <input_file_ref idref="fl-4"/>
      </object_component>
      <object_component id="oc-d1">
         <name>EPwm7RegsFile</name>
         <uninitialized>true</uninitialized>
         <run_address>0x4600</run_address>
         <size>0x100</size>
         <input_file_ref idref="fl-4"/>
      </object_component>
      <object_component id="oc-d3">
         <name>EPwm8RegsFile</name>
         <uninitialized>true</uninitialized>
         <run_address>0x4700</run_address>
         <size>0x100</size>
         <input_file_ref idref="fl-4"/>
      </object_component>
      <object_component id="oc-ce">
         <name>EPwm9RegsFile</name>
         <uninitialized>true</uninitialized>
         <run_address>0x4800</run_address>
         <size>0x100</size>
         <input_file_ref idref="fl-4"/>
      </object_component>
      <object_component id="oc-cd">
         <name>EPwm10RegsFile</name>
         <uninitialized>true</uninitialized>
         <run_address>0x4900</run_address>
         <size>0x100</size>
         <input_file_ref idref="fl-4"/>
      </object_component>
      <object_component id="oc-d0">
         <name>EPwm11RegsFile</name>
         <uninitialized>true</uninitialized>
         <run_address>0x4a00</run_address>
         <size>0x100</size>
         <input_file_ref idref="fl-4"/>
      </object_component>
      <object_component id="oc-cf">
         <name>EPwm12RegsFile</name>
         <uninitialized>true</uninitialized>
         <run_address>0x4b00</run_address>
         <size>0x100</size>
         <input_file_ref idref="fl-4"/>
      </object_component>
      <object_component id="oc-af">
         <name>EQep1RegsFile</name>
         <uninitialized>true</uninitialized>
         <run_address>0x5100</run_address>
         <size>0x22</size>
         <input_file_ref idref="fl-4"/>
      </object_component>
      <object_component id="oc-b1">
         <name>EQep2RegsFile</name>
         <uninitialized>true</uninitialized>
         <run_address>0x5140</run_address>
         <size>0x22</size>
         <input_file_ref idref="fl-4"/>
      </object_component>
      <object_component id="oc-b0">
         <name>EQep3RegsFile</name>
         <uninitialized>true</uninitialized>
         <run_address>0x5180</run_address>
         <size>0x22</size>
         <input_file_ref idref="fl-4"/>
      </object_component>
      <object_component id="oc-d5">
         <name>Flash0CtrlRegsFile</name>
         <uninitialized>true</uninitialized>
         <run_address>0x5f800</run_address>
         <size>0x182</size>
         <input_file_ref idref="fl-4"/>
      </object_component>
      <object_component id="oc-b7">
         <name>Flash0EccRegsFile</name>
         <uninitialized>true</uninitialized>
         <run_address>0x5fb00</run_address>
         <size>0x28</size>
         <input_file_ref idref="fl-4"/>
      </object_component>
      <object_component id="oc-b9">
         <name>GpioDataRegsFile</name>
         <uninitialized>true</uninitialized>
         <run_address>0x7f00</run_address>
         <size>0x30</size>
         <input_file_ref idref="fl-4"/>
      </object_component>
      <object_component id="oc-ad">
         <name>I2caRegsFile</name>
         <uninitialized>true</uninitialized>
         <run_address>0x7300</run_address>
         <size>0x22</size>
         <input_file_ref idref="fl-4"/>
      </object_component>
      <object_component id="oc-ae">
         <name>I2cbRegsFile</name>
         <uninitialized>true</uninitialized>
         <run_address>0x7340</run_address>
         <size>0x22</size>
         <input_file_ref idref="fl-4"/>
      </object_component>
      <object_component id="oc-b3">
         <name>IpcRegsFile</name>
         <uninitialized>true</uninitialized>
         <run_address>0x50000</run_address>
         <size>0x24</size>
         <input_file_ref idref="fl-4"/>
      </object_component>
      <object_component id="oc-84">
         <name>FlashPumpSemaphoreRegsFile</name>
         <uninitialized>true</uninitialized>
         <run_address>0x50024</run_address>
         <size>0x2</size>
         <input_file_ref idref="fl-4"/>
      </object_component>
      <object_component id="oc-c5">
         <name>MemCfgRegsFile</name>
         <uninitialized>true</uninitialized>
         <run_address>0x5f400</run_address>
         <size>0x80</size>
         <input_file_ref idref="fl-4"/>
      </object_component>
      <object_component id="oc-a0">
         <name>Emif1ConfigRegsFile</name>
         <uninitialized>true</uninitialized>
         <run_address>0x5f480</run_address>
         <size>0x20</size>
         <input_file_ref idref="fl-4"/>
      </object_component>
      <object_component id="oc-bd">
         <name>AccessProtectionRegsFile</name>
         <uninitialized>true</uninitialized>
         <run_address>0x5f4c0</run_address>
         <size>0x40</size>
         <input_file_ref idref="fl-4"/>
      </object_component>
      <object_component id="oc-bc">
         <name>MemoryErrorRegsFile</name>
         <uninitialized>true</uninitialized>
         <run_address>0x5f500</run_address>
         <size>0x40</size>
         <input_file_ref idref="fl-4"/>
      </object_component>
      <object_component id="oc-b4">
         <name>McbspaRegsFile</name>
         <uninitialized>true</uninitialized>
         <run_address>0x6000</run_address>
         <size>0x24</size>
         <input_file_ref idref="fl-4"/>
      </object_component>
      <object_component id="oc-b2">
         <name>McbspbRegsFile</name>
         <uninitialized>true</uninitialized>
         <run_address>0x6040</run_address>
         <size>0x24</size>
         <input_file_ref idref="fl-4"/>
      </object_component>
      <object_component id="oc-86">
         <name>NmiIntruptRegsFile</name>
         <uninitialized>true</uninitialized>
         <run_address>0x7060</run_address>
         <size>0x7</size>
         <input_file_ref idref="fl-4"/>
      </object_component>
      <object_component id="oc-9b">
         <name>PieCtrlRegsFile</name>
         <uninitialized>true</uninitialized>
         <run_address>0xce0</run_address>
         <size>0x1a</size>
         <input_file_ref idref="fl-4"/>
      </object_component>
      <object_component id="oc-8f">
         <name>SciaRegsFile</name>
         <uninitialized>true</uninitialized>
         <run_address>0x7200</run_address>
         <size>0x10</size>
         <input_file_ref idref="fl-4"/>
      </object_component>
      <object_component id="oc-93">
         <name>ScibRegsFile</name>
         <uninitialized>true</uninitialized>
         <run_address>0x7210</run_address>
         <size>0x10</size>
         <input_file_ref idref="fl-4"/>
      </object_component>
      <object_component id="oc-92">
         <name>ScicRegsFile</name>
         <uninitialized>true</uninitialized>
         <run_address>0x7220</run_address>
         <size>0x10</size>
         <input_file_ref idref="fl-4"/>
      </object_component>
      <object_component id="oc-91">
         <name>ScidRegsFile</name>
         <uninitialized>true</uninitialized>
         <run_address>0x7230</run_address>
         <size>0x10</size>
         <input_file_ref idref="fl-4"/>
      </object_component>
      <object_component id="oc-c3">
         <name>Sdfm1RegsFile</name>
         <uninitialized>true</uninitialized>
         <run_address>0x5e00</run_address>
         <size>0x80</size>
         <input_file_ref idref="fl-4"/>
      </object_component>
      <object_component id="oc-c1">
         <name>Sdfm2RegsFile</name>
         <uninitialized>true</uninitialized>
         <run_address>0x5e80</run_address>
         <size>0x80</size>
         <input_file_ref idref="fl-4"/>
      </object_component>
      <object_component id="oc-94">
         <name>SpiaRegsFile</name>
         <uninitialized>true</uninitialized>
         <run_address>0x6100</run_address>
         <size>0x10</size>
         <input_file_ref idref="fl-4"/>
      </object_component>
      <object_component id="oc-90">
         <name>SpibRegsFile</name>
         <uninitialized>true</uninitialized>
         <run_address>0x6110</run_address>
         <size>0x10</size>
         <input_file_ref idref="fl-4"/>
      </object_component>
      <object_component id="oc-95">
         <name>SpicRegsFile</name>
         <uninitialized>true</uninitialized>
         <run_address>0x6120</run_address>
         <size>0x10</size>
         <input_file_ref idref="fl-4"/>
      </object_component>
      <object_component id="oc-ba">
         <name>ClkCfgRegsFile</name>
         <uninitialized>true</uninitialized>
         <run_address>0x5d200</run_address>
         <size>0x32</size>
         <input_file_ref idref="fl-4"/>
      </object_component>
      <object_component id="oc-c7">
         <name>CpuSysRegsFile</name>
         <uninitialized>true</uninitialized>
         <run_address>0x5d300</run_address>
         <size>0x82</size>
         <input_file_ref idref="fl-4"/>
      </object_component>
      <object_component id="oc-b8">
         <name>WdRegsFile</name>
         <uninitialized>true</uninitialized>
         <run_address>0x7000</run_address>
         <size>0x2b</size>
         <input_file_ref idref="fl-4"/>
      </object_component>
      <object_component id="oc-8e">
         <name>XintRegsFile</name>
         <uninitialized>true</uninitialized>
         <run_address>0x7070</run_address>
         <size>0xb</size>
         <input_file_ref idref="fl-4"/>
      </object_component>
      <object_component id="oc-77">
         <name>.debug_info</name>
         <load_address>0x0</load_address>
         <run_address>0x0</run_address>
         <size>0x199</size>
         <input_file_ref idref="fl-2"/>
      </object_component>
      <object_component id="oc-7b">
         <name>.debug_info</name>
         <load_address>0x199</load_address>
         <run_address>0x199</run_address>
         <size>0x8743</size>
         <input_file_ref idref="fl-3"/>
      </object_component>
      <object_component id="oc-81">
         <name>.debug_info</name>
         <load_address>0x88dc</load_address>
         <run_address>0x88dc</run_address>
         <size>0x2dd56</size>
         <input_file_ref idref="fl-4"/>
      </object_component>
      <object_component id="oc-d8">
         <name>.debug_info</name>
         <load_address>0x36632</load_address>
         <run_address>0x36632</run_address>
         <size>0x5c92</size>
         <input_file_ref idref="fl-5"/>
      </object_component>
      <object_component id="oc-dd">
         <name>.debug_info</name>
         <load_address>0x3c2c4</load_address>
         <run_address>0x3c2c4</run_address>
         <size>0x1634</size>
         <input_file_ref idref="fl-6"/>
      </object_component>
      <object_component id="oc-e2">
         <name>.debug_info</name>
         <load_address>0x3d8f8</load_address>
         <run_address>0x3d8f8</run_address>
         <size>0x15b2</size>
         <input_file_ref idref="fl-7"/>
      </object_component>
      <object_component id="oc-e7">
         <name>.debug_info</name>
         <load_address>0x3eeaa</load_address>
         <run_address>0x3eeaa</run_address>
         <size>0x3645</size>
         <input_file_ref idref="fl-8"/>
      </object_component>
      <object_component id="oc-ec">
         <name>.debug_info</name>
         <load_address>0x424ef</load_address>
         <run_address>0x424ef</run_address>
         <size>0x6771</size>
         <input_file_ref idref="fl-9"/>
      </object_component>
      <object_component id="oc-f1">
         <name>.debug_info</name>
         <load_address>0x48c60</load_address>
         <run_address>0x48c60</run_address>
         <size>0x8a08</size>
         <input_file_ref idref="fl-a"/>
      </object_component>
      <object_component id="oc-f7">
         <name>.debug_info</name>
         <load_address>0x51668</load_address>
         <run_address>0x51668</run_address>
         <size>0x194</size>
         <input_file_ref idref="fl-b"/>
      </object_component>
      <object_component id="oc-fb">
         <name>.debug_info</name>
         <load_address>0x517fc</load_address>
         <run_address>0x517fc</run_address>
         <size>0x3fc4</size>
         <input_file_ref idref="fl-c"/>
      </object_component>
      <object_component id="oc-109">
         <name>.debug_info</name>
         <load_address>0x557c0</load_address>
         <run_address>0x557c0</run_address>
         <size>0x551b</size>
         <input_file_ref idref="fl-d"/>
      </object_component>
      <object_component id="oc-110">
         <name>.debug_info</name>
         <load_address>0x5acdb</load_address>
         <run_address>0x5acdb</run_address>
         <size>0x7190</size>
         <input_file_ref idref="fl-e"/>
      </object_component>
      <object_component id="oc-11a">
         <name>.debug_info</name>
         <load_address>0x61e6b</load_address>
         <run_address>0x61e6b</run_address>
         <size>0x16c</size>
         <input_file_ref idref="fl-19"/>
      </object_component>
      <object_component id="oc-11e">
         <name>.debug_info</name>
         <load_address>0x61fd7</load_address>
         <run_address>0x61fd7</run_address>
         <size>0x576</size>
         <input_file_ref idref="fl-1a"/>
      </object_component>
      <object_component id="oc-124">
         <name>.debug_info</name>
         <load_address>0x6254d</load_address>
         <run_address>0x6254d</run_address>
         <size>0x113</size>
         <input_file_ref idref="fl-1b"/>
      </object_component>
      <object_component id="oc-128">
         <name>.debug_info</name>
         <load_address>0x62660</load_address>
         <run_address>0x62660</run_address>
         <size>0x4fa</size>
         <input_file_ref idref="fl-1c"/>
      </object_component>
      <object_component id="oc-130">
         <name>.debug_info</name>
         <load_address>0x62b5a</load_address>
         <run_address>0x62b5a</run_address>
         <size>0x10d</size>
         <input_file_ref idref="fl-1d"/>
      </object_component>
      <object_component id="oc-135">
         <name>.debug_info</name>
         <load_address>0x62c67</load_address>
         <run_address>0x62c67</run_address>
         <size>0x10d</size>
         <input_file_ref idref="fl-1e"/>
      </object_component>
      <object_component id="oc-13a">
         <name>.debug_info</name>
         <load_address>0x62d74</load_address>
         <run_address>0x62d74</run_address>
         <size>0x11b</size>
         <input_file_ref idref="fl-1f"/>
      </object_component>
      <object_component id="oc-13f">
         <name>.debug_info</name>
         <load_address>0x62e8f</load_address>
         <run_address>0x62e8f</run_address>
         <size>0x10d</size>
         <input_file_ref idref="fl-20"/>
      </object_component>
      <object_component id="oc-144">
         <name>.debug_info</name>
         <load_address>0x62f9c</load_address>
         <run_address>0x62f9c</run_address>
         <size>0x16f</size>
         <input_file_ref idref="fl-21"/>
      </object_component>
      <object_component id="oc-148">
         <name>.debug_info</name>
         <load_address>0x6310b</load_address>
         <run_address>0x6310b</run_address>
         <size>0x3be</size>
         <input_file_ref idref="fl-22"/>
      </object_component>
      <object_component id="oc-14d">
         <name>.debug_info</name>
         <load_address>0x634c9</load_address>
         <run_address>0x634c9</run_address>
         <size>0x2fa</size>
         <input_file_ref idref="fl-23"/>
      </object_component>
      <object_component id="oc-152">
         <name>.debug_info</name>
         <load_address>0x637c3</load_address>
         <run_address>0x637c3</run_address>
         <size>0x331</size>
         <input_file_ref idref="fl-24"/>
      </object_component>
      <object_component id="oc-157">
         <name>.debug_info</name>
         <load_address>0x63af4</load_address>
         <run_address>0x63af4</run_address>
         <size>0x32e</size>
         <input_file_ref idref="fl-25"/>
      </object_component>
      <object_component id="oc-15d">
         <name>.debug_info</name>
         <load_address>0x63e22</load_address>
         <run_address>0x63e22</run_address>
         <size>0x111</size>
         <input_file_ref idref="fl-26"/>
      </object_component>
      <object_component id="oc-161">
         <name>.debug_info</name>
         <load_address>0x63f33</load_address>
         <run_address>0x63f33</run_address>
         <size>0x450</size>
         <input_file_ref idref="fl-27"/>
      </object_component>
      <object_component id="oc-166">
         <name>.debug_info</name>
         <load_address>0x64383</load_address>
         <run_address>0x64383</run_address>
         <size>0x41d</size>
         <input_file_ref idref="fl-28"/>
      </object_component>
      <object_component id="oc-16c">
         <name>.debug_info</name>
         <load_address>0x647a0</load_address>
         <run_address>0x647a0</run_address>
         <size>0x10d</size>
         <input_file_ref idref="fl-29"/>
      </object_component>
      <object_component id="oc-203">
         <name>.debug_info</name>
         <load_address>0x648ad</load_address>
         <run_address>0x648ad</run_address>
         <size>0xb9</size>
      </object_component>
      <object_component id="oc-78">
         <name>.debug_line</name>
         <load_address>0x0</load_address>
         <run_address>0x0</run_address>
         <size>0x98</size>
         <input_file_ref idref="fl-2"/>
      </object_component>
      <object_component id="oc-7e">
         <name>.debug_line</name>
         <load_address>0x98</load_address>
         <run_address>0x98</run_address>
         <size>0xd22</size>
         <input_file_ref idref="fl-3"/>
      </object_component>
      <object_component id="oc-da">
         <name>.debug_line</name>
         <load_address>0xdba</load_address>
         <run_address>0xdba</run_address>
         <size>0x7d</size>
         <input_file_ref idref="fl-5"/>
      </object_component>
      <object_component id="oc-df">
         <name>.debug_line</name>
         <load_address>0xe37</load_address>
         <run_address>0xe37</run_address>
         <size>0x7c</size>
         <input_file_ref idref="fl-6"/>
      </object_component>
      <object_component id="oc-e4">
         <name>.debug_line</name>
         <load_address>0xeb3</load_address>
         <run_address>0xeb3</run_address>
         <size>0x88</size>
         <input_file_ref idref="fl-7"/>
      </object_component>
      <object_component id="oc-e9">
         <name>.debug_line</name>
         <load_address>0xf3b</load_address>
         <run_address>0xf3b</run_address>
         <size>0xd0</size>
         <input_file_ref idref="fl-8"/>
      </object_component>
      <object_component id="oc-ee">
         <name>.debug_line</name>
         <load_address>0x100b</load_address>
         <run_address>0x100b</run_address>
         <size>0xb4</size>
         <input_file_ref idref="fl-9"/>
      </object_component>
      <object_component id="oc-f3">
         <name>.debug_line</name>
         <load_address>0x10bf</load_address>
         <run_address>0x10bf</run_address>
         <size>0x3ef</size>
         <input_file_ref idref="fl-a"/>
      </object_component>
      <object_component id="oc-f8">
         <name>.debug_line</name>
         <load_address>0x14ae</load_address>
         <run_address>0x14ae</run_address>
         <size>0x92</size>
         <input_file_ref idref="fl-b"/>
      </object_component>
      <object_component id="oc-106">
         <name>.debug_line</name>
         <load_address>0x1540</load_address>
         <run_address>0x1540</run_address>
         <size>0xc3</size>
         <input_file_ref idref="fl-c"/>
      </object_component>
      <object_component id="oc-10d">
         <name>.debug_line</name>
         <load_address>0x1603</load_address>
         <run_address>0x1603</run_address>
         <size>0x154a</size>
         <input_file_ref idref="fl-d"/>
      </object_component>
      <object_component id="oc-115">
         <name>.debug_line</name>
         <load_address>0x2b4d</load_address>
         <run_address>0x2b4d</run_address>
         <size>0x472</size>
         <input_file_ref idref="fl-e"/>
      </object_component>
      <object_component id="oc-11b">
         <name>.debug_line</name>
         <load_address>0x2fbf</load_address>
         <run_address>0x2fbf</run_address>
         <size>0x7d</size>
         <input_file_ref idref="fl-19"/>
      </object_component>
      <object_component id="oc-120">
         <name>.debug_line</name>
         <load_address>0x303c</load_address>
         <run_address>0x303c</run_address>
         <size>0x64</size>
         <input_file_ref idref="fl-1a"/>
      </object_component>
      <object_component id="oc-125">
         <name>.debug_line</name>
         <load_address>0x30a0</load_address>
         <run_address>0x30a0</run_address>
         <size>0x50</size>
         <input_file_ref idref="fl-1b"/>
      </object_component>
      <object_component id="oc-12c">
         <name>.debug_line</name>
         <load_address>0x30f0</load_address>
         <run_address>0x30f0</run_address>
         <size>0x65</size>
         <input_file_ref idref="fl-1c"/>
      </object_component>
      <object_component id="oc-131">
         <name>.debug_line</name>
         <load_address>0x3155</load_address>
         <run_address>0x3155</run_address>
         <size>0xb3</size>
         <input_file_ref idref="fl-1d"/>
      </object_component>
      <object_component id="oc-136">
         <name>.debug_line</name>
         <load_address>0x3208</load_address>
         <run_address>0x3208</run_address>
         <size>0xa2</size>
         <input_file_ref idref="fl-1e"/>
      </object_component>
      <object_component id="oc-13b">
         <name>.debug_line</name>
         <load_address>0x32aa</load_address>
         <run_address>0x32aa</run_address>
         <size>0x49</size>
         <input_file_ref idref="fl-1f"/>
      </object_component>
      <object_component id="oc-140">
         <name>.debug_line</name>
         <load_address>0x32f3</load_address>
         <run_address>0x32f3</run_address>
         <size>0x58</size>
         <input_file_ref idref="fl-20"/>
      </object_component>
      <object_component id="oc-145">
         <name>.debug_line</name>
         <load_address>0x334b</load_address>
         <run_address>0x334b</run_address>
         <size>0x6c</size>
         <input_file_ref idref="fl-21"/>
      </object_component>
      <object_component id="oc-14a">
         <name>.debug_line</name>
         <load_address>0x33b7</load_address>
         <run_address>0x33b7</run_address>
         <size>0x62</size>
         <input_file_ref idref="fl-22"/>
      </object_component>
      <object_component id="oc-14f">
         <name>.debug_line</name>
         <load_address>0x3419</load_address>
         <run_address>0x3419</run_address>
         <size>0x87</size>
         <input_file_ref idref="fl-23"/>
      </object_component>
      <object_component id="oc-154">
         <name>.debug_line</name>
         <load_address>0x34a0</load_address>
         <run_address>0x34a0</run_address>
         <size>0x3e</size>
         <input_file_ref idref="fl-24"/>
      </object_component>
      <object_component id="oc-159">
         <name>.debug_line</name>
         <load_address>0x34de</load_address>
         <run_address>0x34de</run_address>
         <size>0x3a</size>
         <input_file_ref idref="fl-25"/>
      </object_component>
      <object_component id="oc-15e">
         <name>.debug_line</name>
         <load_address>0x3518</load_address>
         <run_address>0x3518</run_address>
         <size>0x52</size>
         <input_file_ref idref="fl-26"/>
      </object_component>
      <object_component id="oc-163">
         <name>.debug_line</name>
         <load_address>0x356a</load_address>
         <run_address>0x356a</run_address>
         <size>0x5e</size>
         <input_file_ref idref="fl-27"/>
      </object_component>
      <object_component id="oc-168">
         <name>.debug_line</name>
         <load_address>0x35c8</load_address>
         <run_address>0x35c8</run_address>
         <size>0x55</size>
         <input_file_ref idref="fl-28"/>
      </object_component>
      <object_component id="oc-16d">
         <name>.debug_line</name>
         <load_address>0x361d</load_address>
         <run_address>0x361d</run_address>
         <size>0xc4</size>
         <input_file_ref idref="fl-29"/>
      </object_component>
      <object_component id="oc-79">
         <name>.debug_abbrev</name>
         <load_address>0x0</load_address>
         <run_address>0x0</run_address>
         <size>0x21</size>
         <input_file_ref idref="fl-2"/>
      </object_component>
      <object_component id="oc-7f">
         <name>.debug_abbrev</name>
         <load_address>0x21</load_address>
         <run_address>0x21</run_address>
         <size>0xde</size>
         <input_file_ref idref="fl-3"/>
      </object_component>
      <object_component id="oc-d7">
         <name>.debug_abbrev</name>
         <load_address>0xff</load_address>
         <run_address>0xff</run_address>
         <size>0xcb</size>
         <input_file_ref idref="fl-4"/>
      </object_component>
      <object_component id="oc-db">
         <name>.debug_abbrev</name>
         <load_address>0x1ca</load_address>
         <run_address>0x1ca</run_address>
         <size>0x116</size>
         <input_file_ref idref="fl-5"/>
      </object_component>
      <object_component id="oc-e0">
         <name>.debug_abbrev</name>
         <load_address>0x2e0</load_address>
         <run_address>0x2e0</run_address>
         <size>0x166</size>
         <input_file_ref idref="fl-6"/>
      </object_component>
      <object_component id="oc-e5">
         <name>.debug_abbrev</name>
         <load_address>0x446</load_address>
         <run_address>0x446</run_address>
         <size>0x121</size>
         <input_file_ref idref="fl-7"/>
      </object_component>
      <object_component id="oc-ea">
         <name>.debug_abbrev</name>
         <load_address>0x567</load_address>
         <run_address>0x567</run_address>
         <size>0xc8</size>
         <input_file_ref idref="fl-8"/>
      </object_component>
      <object_component id="oc-ef">
         <name>.debug_abbrev</name>
         <load_address>0x62f</load_address>
         <run_address>0x62f</run_address>
         <size>0x116</size>
         <input_file_ref idref="fl-9"/>
      </object_component>
      <object_component id="oc-f4">
         <name>.debug_abbrev</name>
         <load_address>0x745</load_address>
         <run_address>0x745</run_address>
         <size>0x1c5</size>
         <input_file_ref idref="fl-a"/>
      </object_component>
      <object_component id="oc-f9">
         <name>.debug_abbrev</name>
         <load_address>0x90a</load_address>
         <run_address>0x90a</run_address>
         <size>0x2f</size>
         <input_file_ref idref="fl-b"/>
      </object_component>
      <object_component id="oc-107">
         <name>.debug_abbrev</name>
         <load_address>0x939</load_address>
         <run_address>0x939</run_address>
         <size>0x177</size>
         <input_file_ref idref="fl-c"/>
      </object_component>
      <object_component id="oc-10e">
         <name>.debug_abbrev</name>
         <load_address>0xab0</load_address>
         <run_address>0xab0</run_address>
         <size>0x19d</size>
         <input_file_ref idref="fl-d"/>
      </object_component>
      <object_component id="oc-116">
         <name>.debug_abbrev</name>
         <load_address>0xc4d</load_address>
         <run_address>0xc4d</run_address>
         <size>0x1b4</size>
         <input_file_ref idref="fl-e"/>
      </object_component>
      <object_component id="oc-11c">
         <name>.debug_abbrev</name>
         <load_address>0xe01</load_address>
         <run_address>0xe01</run_address>
         <size>0x46</size>
         <input_file_ref idref="fl-19"/>
      </object_component>
      <object_component id="oc-121">
         <name>.debug_abbrev</name>
         <load_address>0xe47</load_address>
         <run_address>0xe47</run_address>
         <size>0xfa</size>
         <input_file_ref idref="fl-1a"/>
      </object_component>
      <object_component id="oc-126">
         <name>.debug_abbrev</name>
         <load_address>0xf41</load_address>
         <run_address>0xf41</run_address>
         <size>0x32</size>
         <input_file_ref idref="fl-1b"/>
      </object_component>
      <object_component id="oc-12d">
         <name>.debug_abbrev</name>
         <load_address>0xf73</load_address>
         <run_address>0xf73</run_address>
         <size>0x142</size>
         <input_file_ref idref="fl-1c"/>
      </object_component>
      <object_component id="oc-132">
         <name>.debug_abbrev</name>
         <load_address>0x10b5</load_address>
         <run_address>0x10b5</run_address>
         <size>0x38</size>
         <input_file_ref idref="fl-1d"/>
      </object_component>
      <object_component id="oc-137">
         <name>.debug_abbrev</name>
         <load_address>0x10ed</load_address>
         <run_address>0x10ed</run_address>
         <size>0x38</size>
         <input_file_ref idref="fl-1e"/>
      </object_component>
      <object_component id="oc-13c">
         <name>.debug_abbrev</name>
         <load_address>0x1125</load_address>
         <run_address>0x1125</run_address>
         <size>0x46</size>
         <input_file_ref idref="fl-1f"/>
      </object_component>
      <object_component id="oc-141">
         <name>.debug_abbrev</name>
         <load_address>0x116b</load_address>
         <run_address>0x116b</run_address>
         <size>0x38</size>
         <input_file_ref idref="fl-20"/>
      </object_component>
      <object_component id="oc-146">
         <name>.debug_abbrev</name>
         <load_address>0x11a3</load_address>
         <run_address>0x11a3</run_address>
         <size>0x38</size>
         <input_file_ref idref="fl-21"/>
      </object_component>
      <object_component id="oc-14b">
         <name>.debug_abbrev</name>
         <load_address>0x11db</load_address>
         <run_address>0x11db</run_address>
         <size>0xa8</size>
         <input_file_ref idref="fl-22"/>
      </object_component>
      <object_component id="oc-150">
         <name>.debug_abbrev</name>
         <load_address>0x1283</load_address>
         <run_address>0x1283</run_address>
         <size>0xa8</size>
         <input_file_ref idref="fl-23"/>
      </object_component>
      <object_component id="oc-155">
         <name>.debug_abbrev</name>
         <load_address>0x132b</load_address>
         <run_address>0x132b</run_address>
         <size>0x68</size>
         <input_file_ref idref="fl-24"/>
      </object_component>
      <object_component id="oc-15a">
         <name>.debug_abbrev</name>
         <load_address>0x1393</load_address>
         <run_address>0x1393</run_address>
         <size>0x66</size>
         <input_file_ref idref="fl-25"/>
      </object_component>
      <object_component id="oc-15f">
         <name>.debug_abbrev</name>
         <load_address>0x13f9</load_address>
         <run_address>0x13f9</run_address>
         <size>0x38</size>
         <input_file_ref idref="fl-26"/>
      </object_component>
      <object_component id="oc-164">
         <name>.debug_abbrev</name>
         <load_address>0x1431</load_address>
         <run_address>0x1431</run_address>
         <size>0xb2</size>
         <input_file_ref idref="fl-27"/>
      </object_component>
      <object_component id="oc-169">
         <name>.debug_abbrev</name>
         <load_address>0x14e3</load_address>
         <run_address>0x14e3</run_address>
         <size>0xfe</size>
         <input_file_ref idref="fl-28"/>
      </object_component>
      <object_component id="oc-16e">
         <name>.debug_abbrev</name>
         <load_address>0x15e1</load_address>
         <run_address>0x15e1</run_address>
         <size>0x38</size>
         <input_file_ref idref="fl-29"/>
      </object_component>
      <object_component id="oc-204">
         <name>.debug_abbrev</name>
         <load_address>0x1619</load_address>
         <run_address>0x1619</run_address>
         <size>0xf</size>
      </object_component>
      <object_component id="oc-7a">
         <name>.debug_aranges</name>
         <load_address>0x0</load_address>
         <run_address>0x0</run_address>
         <size>0x20</size>
         <input_file_ref idref="fl-2"/>
      </object_component>
      <object_component id="oc-80">
         <name>.debug_aranges</name>
         <load_address>0x20</load_address>
         <run_address>0x20</run_address>
         <size>0x480</size>
         <input_file_ref idref="fl-3"/>
      </object_component>
      <object_component id="oc-dc">
         <name>.debug_aranges</name>
         <load_address>0x4a0</load_address>
         <run_address>0x4a0</run_address>
         <size>0x18</size>
         <input_file_ref idref="fl-5"/>
      </object_component>
      <object_component id="oc-e1">
         <name>.debug_aranges</name>
         <load_address>0x4b8</load_address>
         <run_address>0x4b8</run_address>
         <size>0x18</size>
         <input_file_ref idref="fl-6"/>
      </object_component>
      <object_component id="oc-e6">
         <name>.debug_aranges</name>
         <load_address>0x4d0</load_address>
         <run_address>0x4d0</run_address>
         <size>0x18</size>
         <input_file_ref idref="fl-7"/>
      </object_component>
      <object_component id="oc-eb">
         <name>.debug_aranges</name>
         <load_address>0x4e8</load_address>
         <run_address>0x4e8</run_address>
         <size>0x28</size>
         <input_file_ref idref="fl-8"/>
      </object_component>
      <object_component id="oc-f0">
         <name>.debug_aranges</name>
         <load_address>0x510</load_address>
         <run_address>0x510</run_address>
         <size>0x20</size>
         <input_file_ref idref="fl-9"/>
      </object_component>
      <object_component id="oc-f5">
         <name>.debug_aranges</name>
         <load_address>0x530</load_address>
         <run_address>0x530</run_address>
         <size>0xc0</size>
         <input_file_ref idref="fl-a"/>
      </object_component>
      <object_component id="oc-fa">
         <name>.debug_aranges</name>
         <load_address>0x5f0</load_address>
         <run_address>0x5f0</run_address>
         <size>0x20</size>
         <input_file_ref idref="fl-b"/>
      </object_component>
      <object_component id="oc-108">
         <name>.debug_aranges</name>
         <load_address>0x610</load_address>
         <run_address>0x610</run_address>
         <size>0x28</size>
         <input_file_ref idref="fl-c"/>
      </object_component>
      <object_component id="oc-10f">
         <name>.debug_aranges</name>
         <load_address>0x638</load_address>
         <run_address>0x638</run_address>
         <size>0x1a8</size>
         <input_file_ref idref="fl-d"/>
      </object_component>
      <object_component id="oc-117">
         <name>.debug_aranges</name>
         <load_address>0x7e0</load_address>
         <run_address>0x7e0</run_address>
         <size>0x90</size>
         <input_file_ref idref="fl-e"/>
      </object_component>
      <object_component id="oc-11d">
         <name>.debug_aranges</name>
         <load_address>0x870</load_address>
         <run_address>0x870</run_address>
         <size>0x20</size>
         <input_file_ref idref="fl-19"/>
      </object_component>
      <object_component id="oc-122">
         <name>.debug_aranges</name>
         <load_address>0x890</load_address>
         <run_address>0x890</run_address>
         <size>0x20</size>
         <input_file_ref idref="fl-1a"/>
      </object_component>
      <object_component id="oc-127">
         <name>.debug_aranges</name>
         <load_address>0x8b0</load_address>
         <run_address>0x8b0</run_address>
         <size>0x20</size>
         <input_file_ref idref="fl-1b"/>
      </object_component>
      <object_component id="oc-12e">
         <name>.debug_aranges</name>
         <load_address>0x8d0</load_address>
         <run_address>0x8d0</run_address>
         <size>0x28</size>
         <input_file_ref idref="fl-1c"/>
      </object_component>
      <object_component id="oc-133">
         <name>.debug_aranges</name>
         <load_address>0x8f8</load_address>
         <run_address>0x8f8</run_address>
         <size>0x20</size>
         <input_file_ref idref="fl-1d"/>
      </object_component>
      <object_component id="oc-138">
         <name>.debug_aranges</name>
         <load_address>0x918</load_address>
         <run_address>0x918</run_address>
         <size>0x20</size>
         <input_file_ref idref="fl-1e"/>
      </object_component>
      <object_component id="oc-13d">
         <name>.debug_aranges</name>
         <load_address>0x938</load_address>
         <run_address>0x938</run_address>
         <size>0x20</size>
         <input_file_ref idref="fl-1f"/>
      </object_component>
      <object_component id="oc-142">
         <name>.debug_aranges</name>
         <load_address>0x958</load_address>
         <run_address>0x958</run_address>
         <size>0x20</size>
         <input_file_ref idref="fl-20"/>
      </object_component>
      <object_component id="oc-147">
         <name>.debug_aranges</name>
         <load_address>0x978</load_address>
         <run_address>0x978</run_address>
         <size>0x30</size>
         <input_file_ref idref="fl-21"/>
      </object_component>
      <object_component id="oc-14c">
         <name>.debug_aranges</name>
         <load_address>0x9a8</load_address>
         <run_address>0x9a8</run_address>
         <size>0x20</size>
         <input_file_ref idref="fl-22"/>
      </object_component>
      <object_component id="oc-151">
         <name>.debug_aranges</name>
         <load_address>0x9c8</load_address>
         <run_address>0x9c8</run_address>
         <size>0x18</size>
         <input_file_ref idref="fl-23"/>
      </object_component>
      <object_component id="oc-156">
         <name>.debug_aranges</name>
         <load_address>0x9e0</load_address>
         <run_address>0x9e0</run_address>
         <size>0x20</size>
         <input_file_ref idref="fl-24"/>
      </object_component>
      <object_component id="oc-15b">
         <name>.debug_aranges</name>
         <load_address>0xa00</load_address>
         <run_address>0xa00</run_address>
         <size>0x20</size>
         <input_file_ref idref="fl-25"/>
      </object_component>
      <object_component id="oc-160">
         <name>.debug_aranges</name>
         <load_address>0xa20</load_address>
         <run_address>0xa20</run_address>
         <size>0x20</size>
         <input_file_ref idref="fl-26"/>
      </object_component>
      <object_component id="oc-165">
         <name>.debug_aranges</name>
         <load_address>0xa40</load_address>
         <run_address>0xa40</run_address>
         <size>0x30</size>
         <input_file_ref idref="fl-27"/>
      </object_component>
      <object_component id="oc-16a">
         <name>.debug_aranges</name>
         <load_address>0xa70</load_address>
         <run_address>0xa70</run_address>
         <size>0x20</size>
         <input_file_ref idref="fl-28"/>
      </object_component>
      <object_component id="oc-16f">
         <name>.debug_aranges</name>
         <load_address>0xa90</load_address>
         <run_address>0xa90</run_address>
         <size>0x20</size>
         <input_file_ref idref="fl-29"/>
      </object_component>
      <object_component id="oc-7d">
         <name>.debug_frame</name>
         <load_address>0x0</load_address>
         <run_address>0x0</run_address>
         <size>0xbf3</size>
         <input_file_ref idref="fl-3"/>
      </object_component>
      <object_component id="oc-d9">
         <name>.debug_frame</name>
         <load_address>0xbf3</load_address>
         <run_address>0xbf3</run_address>
         <size>0x62</size>
         <input_file_ref idref="fl-5"/>
      </object_component>
      <object_component id="oc-de">
         <name>.debug_frame</name>
         <load_address>0xc55</load_address>
         <run_address>0xc55</run_address>
         <size>0x62</size>
         <input_file_ref idref="fl-6"/>
      </object_component>
      <object_component id="oc-e3">
         <name>.debug_frame</name>
         <load_address>0xcb7</load_address>
         <run_address>0xcb7</run_address>
         <size>0x62</size>
         <input_file_ref idref="fl-7"/>
      </object_component>
      <object_component id="oc-e8">
         <name>.debug_frame</name>
         <load_address>0xd19</load_address>
         <run_address>0xd19</run_address>
         <size>0x8c</size>
         <input_file_ref idref="fl-8"/>
      </object_component>
      <object_component id="oc-ed">
         <name>.debug_frame</name>
         <load_address>0xda5</load_address>
         <run_address>0xda5</run_address>
         <size>0x7d</size>
         <input_file_ref idref="fl-9"/>
      </object_component>
      <object_component id="oc-f2">
         <name>.debug_frame</name>
         <load_address>0xe22</load_address>
         <run_address>0xe22</run_address>
         <size>0x229</size>
         <input_file_ref idref="fl-a"/>
      </object_component>
      <object_component id="oc-105">
         <name>.debug_frame</name>
         <load_address>0x104b</load_address>
         <run_address>0x104b</run_address>
         <size>0x93</size>
         <input_file_ref idref="fl-c"/>
      </object_component>
      <object_component id="oc-10c">
         <name>.debug_frame</name>
         <load_address>0x10de</load_address>
         <run_address>0x10de</run_address>
         <size>0x5d4</size>
         <input_file_ref idref="fl-d"/>
      </object_component>
      <object_component id="oc-114">
         <name>.debug_frame</name>
         <load_address>0x16b2</load_address>
         <run_address>0x16b2</run_address>
         <size>0x1f7</size>
         <input_file_ref idref="fl-e"/>
      </object_component>
      <object_component id="oc-11f">
         <name>.debug_frame</name>
         <load_address>0x18a9</load_address>
         <run_address>0x18a9</run_address>
         <size>0x90</size>
         <input_file_ref idref="fl-1a"/>
      </object_component>
      <object_component id="oc-12b">
         <name>.debug_frame</name>
         <load_address>0x1939</load_address>
         <run_address>0x1939</run_address>
         <size>0x95</size>
         <input_file_ref idref="fl-1c"/>
      </object_component>
      <object_component id="oc-149">
         <name>.debug_frame</name>
         <load_address>0x19ce</load_address>
         <run_address>0x19ce</run_address>
         <size>0x77</size>
         <input_file_ref idref="fl-22"/>
      </object_component>
      <object_component id="oc-14e">
         <name>.debug_frame</name>
         <load_address>0x1a45</load_address>
         <run_address>0x1a45</run_address>
         <size>0x62</size>
         <input_file_ref idref="fl-23"/>
      </object_component>
      <object_component id="oc-153">
         <name>.debug_frame</name>
         <load_address>0x1aa7</load_address>
         <run_address>0x1aa7</run_address>
         <size>0x77</size>
         <input_file_ref idref="fl-24"/>
      </object_component>
      <object_component id="oc-158">
         <name>.debug_frame</name>
         <load_address>0x1b1e</load_address>
         <run_address>0x1b1e</run_address>
         <size>0x77</size>
         <input_file_ref idref="fl-25"/>
      </object_component>
      <object_component id="oc-162">
         <name>.debug_frame</name>
         <load_address>0x1b95</load_address>
         <run_address>0x1b95</run_address>
         <size>0xa1</size>
         <input_file_ref idref="fl-27"/>
      </object_component>
      <object_component id="oc-167">
         <name>.debug_frame</name>
         <load_address>0x1c36</load_address>
         <run_address>0x1c36</run_address>
         <size>0x77</size>
         <input_file_ref idref="fl-28"/>
      </object_component>
   </object_component_list>
   <logical_group_list>
      <logical_group id="lg-2" display="no" color="cyan">
         <name>.cinit</name>
         <load_address>0x821e8</load_address>
         <run_address>0x821e8</run_address>
         <size>0x1e</size>
         <contents>
            <object_component_ref idref="oc-129"/>
            <object_component_ref idref="oc-177"/>
            <object_component_ref idref="oc-17f"/>
            <object_component_ref idref="oc-111"/>
         </contents>
      </logical_group>
      <logical_group id="lg-3" display="no" color="cyan">
         <name>.pinit</name>
         <run_address>0x0</run_address>
         <size>0x0</size>
         <contents>
         </contents>
      </logical_group>
      <logical_group id="lg-201" display="no" color="cyan">
         <name>.text.1</name>
         <load_address>0x82208</load_address>
         <run_address>0x82208</run_address>
         <size>0x1df8</size>
         <contents>
            <object_component_ref idref="oc-17d"/>
            <object_component_ref idref="oc-181"/>
            <object_component_ref idref="oc-7c"/>
            <object_component_ref idref="oc-179"/>
            <object_component_ref idref="oc-175"/>
            <object_component_ref idref="oc-171"/>
            <object_component_ref idref="oc-17e"/>
         </contents>
      </logical_group>
      <logical_group id="lg-202" display="no" color="cyan">
         <name>.text.2</name>
         <load_address>0x84000</load_address>
         <run_address>0x84000</run_address>
         <size>0x324</size>
         <contents>
            <object_component_ref idref="oc-16b"/>
            <object_component_ref idref="oc-12f"/>
            <object_component_ref idref="oc-134"/>
            <object_component_ref idref="oc-75"/>
            <object_component_ref idref="oc-174"/>
            <object_component_ref idref="oc-17b"/>
            <object_component_ref idref="oc-17c"/>
            <object_component_ref idref="oc-13e"/>
            <object_component_ref idref="oc-178"/>
            <object_component_ref idref="oc-123"/>
            <object_component_ref idref="oc-173"/>
            <object_component_ref idref="oc-143"/>
            <object_component_ref idref="oc-15c"/>
            <object_component_ref idref="oc-139"/>
            <object_component_ref idref="oc-170"/>
            <object_component_ref idref="oc-172"/>
         </contents>
      </logical_group>
      <split_section id="lg-4" display="no" color="cyan">
         <name>.text</name>
         <contents>
            <logical_group_ref idref="lg-201"/>
            <logical_group_ref idref="lg-202"/>
         </contents>
      </split_section>
      <logical_group id="lg-5" display="no" color="cyan">
         <name>codestart</name>
         <load_address>0x80000</load_address>
         <run_address>0x80000</run_address>
         <size>0x2</size>
         <contents>
            <object_component_ref idref="oc-76"/>
         </contents>
      </logical_group>
      <logical_group id="lg-6" display="no" color="cyan">
         <name>.stack</name>
         <run_address>0x400</run_address>
         <size>0x400</size>
         <contents>
            <object_component_ref idref="oc-118"/>
            <object_component_ref idref="oc-200"/>
         </contents>
      </logical_group>
      <logical_group id="lg-7" display="no" color="cyan">
         <name>.ebss</name>
         <run_address>0xa800</run_address>
         <size>0x26a</size>
         <contents>
            <object_component_ref idref="oc-101"/>
            <object_component_ref idref="oc-10a"/>
            <object_component_ref idref="oc-112"/>
            <object_component_ref idref="oc-12a"/>
            <object_component_ref idref="oc-182"/>
            <object_component_ref idref="oc-176"/>
         </contents>
      </logical_group>
      <logical_group id="lg-8" display="no" color="cyan">
         <name>.esysmem</name>
[...]
         <object_component_ref idref="oc-8b"/>
      </symbol>
      <symbol id="sm-318">
         <name>_PieCtrlRegs</name>
         <value>0xce0</value>
         <object_component_ref idref="oc-9b"/>
      </symbol>
      <symbol id="sm-319">
         <name>_SpibRegs</name>
         <value>0x6110</value>
         <object_component_ref idref="oc-90"/>
      </symbol>
      <symbol id="sm-31a">
         <name>_AdccRegs</name>
         <value>0x7500</value>
         <object_component_ref idref="oc-c6"/>
      </symbol>
      <symbol id="sm-31b">
         <name>_ScicRegs</name>
         <value>0x7220</value>
         <object_component_ref idref="oc-92"/>
      </symbol>
      <symbol id="sm-31c">
         <name>_ECap1Regs</name>
         <value>0x5000</value>
         <object_component_ref idref="oc-a8"/>
      </symbol>
      <symbol id="sm-31d">
         <name>_EmuKey</name>
         <value>0xd00</value>
         <object_component_ref idref="oc-82"/>
      </symbol>
      <symbol id="sm-31e">
         <name>_MemoryErrorRegs</name>
         <value>0x5f500</value>
         <object_component_ref idref="oc-bc"/>
      </symbol>
      <symbol id="sm-31f">
         <name>_Cla1Regs</name>
         <value>0x1400</value>
         <object_component_ref idref="oc-bb"/>
      </symbol>
      <symbol id="sm-320">
         <name>_DcsmZ2Otp</name>
         <value>0x78200</value>
         <object_component_ref idref="oc-a5"/>
      </symbol>
      <symbol id="sm-321">
         <name>_EQep1Regs</name>
         <value>0x5100</value>
         <object_component_ref idref="oc-af"/>
      </symbol>
      <symbol id="sm-322">
         <name>_DacbRegs</name>
         <value>0x5c10</value>
         <object_component_ref idref="oc-89"/>
      </symbol>
      <symbol id="sm-323">
         <name>_McbspaRegs</name>
         <value>0x6000</value>
         <object_component_ref idref="oc-b4"/>
      </symbol>
      <symbol id="sm-324">
         <name>_EPwm1Regs</name>
         <value>0x4000</value>
         <object_component_ref idref="oc-d4"/>
      </symbol>
      <symbol id="sm-325">
         <name>_AdcbRegs</name>
         <value>0x7480</value>
         <object_component_ref idref="oc-c4"/>
      </symbol>
      <symbol id="sm-326">
         <name>_ScibRegs</name>
         <value>0x7210</value>
         <object_component_ref idref="oc-93"/>
      </symbol>
      <symbol id="sm-327">
         <name>_AdcaResultRegs</name>
         <value>0xb00</value>
         <object_component_ref idref="oc-99"/>
      </symbol>
      <symbol id="sm-328">
         <name>_ECap2Regs</name>
         <value>0x5020</value>
         <object_component_ref idref="oc-a9"/>
      </symbol>
      <symbol id="sm-329">
         <name>_EPwm12Regs</name>
         <value>0x4b00</value>
         <object_component_ref idref="oc-cf"/>
      </symbol>
      <symbol id="sm-32a">
         <name>_AdcbResultRegs</name>
         <value>0xb20</value>
         <object_component_ref idref="oc-98"/>
      </symbol>
      <symbol id="sm-32b">
         <name>_AdccResultRegs</name>
         <value>0xb40</value>
         <object_component_ref idref="oc-96"/>
      </symbol>
      <symbol id="sm-32c">
         <name>_Emif1ConfigRegs</name>
         <value>0x5f480</value>
         <object_component_ref idref="oc-a0"/>
      </symbol>
      <symbol id="sm-32d">
         <name>_Sdfm2Regs</name>
         <value>0x5e80</value>
         <object_component_ref idref="oc-c1"/>
      </symbol>
      <symbol id="sm-32e">
         <name>_AdcdResultRegs</name>
         <value>0xb60</value>
         <object_component_ref idref="oc-97"/>
      </symbol>
      <symbol id="sm-32f">
         <name>_EQep2Regs</name>
         <value>0x5140</value>
         <object_component_ref idref="oc-b1"/>
      </symbol>
      <symbol id="sm-330">
         <name>_Cmpss1Regs</name>
         <value>0x5c80</value>
         <object_component_ref idref="oc-ac"/>
      </symbol>
      <symbol id="sm-331">
         <name>_EPwm8Regs</name>
         <value>0x4700</value>
         <object_component_ref idref="oc-d3"/>
      </symbol>
      <symbol id="sm-332">
         <name>_DcsmCommonRegs</name>
         <value>0x5f070</value>
         <object_component_ref idref="oc-8c"/>
      </symbol>
      <symbol id="sm-333">
         <name>_EPwm2Regs</name>
         <value>0x4100</value>
         <object_component_ref idref="oc-cb"/>
      </symbol>
      <symbol id="sm-334">
         <name>_ECap3Regs</name>
         <value>0x5040</value>
         <object_component_ref idref="oc-9e"/>
      </symbol>
      <symbol id="sm-335">
         <name>_Cmpss8Regs</name>
         <value>0x5d60</value>
         <object_component_ref idref="oc-a1"/>
      </symbol>
      <symbol id="sm-336">
         <name>_EQep3Regs</name>
         <value>0x5180</value>
         <object_component_ref idref="oc-b0"/>
      </symbol>
      <symbol id="sm-337">
         <name>_EPwm9Regs</name>
         <value>0x4800</value>
         <object_component_ref idref="oc-ce"/>
      </symbol>
      <symbol id="sm-338">
         <name>_NmiIntruptRegs</name>
         <value>0x7060</value>
         <object_component_ref idref="oc-86"/>
      </symbol>
      <symbol id="sm-339">
         <name>_EPwm3Regs</name>
         <value>0x4200</value>
         <object_component_ref idref="oc-ca"/>
      </symbol>
      <symbol id="sm-33a">
         <name>_I2caRegs</name>
         <value>0x7300</value>
         <object_component_ref idref="oc-ad"/>
      </symbol>
      <symbol id="sm-365">
         <name>_InitPieCtrl</name>
         <value>0x84227</value>
         <object_component_ref idref="oc-17b"/>
      </symbol>
      <symbol id="sm-366">
         <name>_EnableInterrupts</name>
         <value>0x84246</value>
         <object_component_ref idref="oc-17b"/>
      </symbol>
      <symbol id="sm-377">
         <name>_PieVectTableInit</name>
         <value>0x82000</value>
         <object_component_ref idref="oc-180"/>
      </symbol>
      <symbol id="sm-378">
         <name>_InitPieVectTable</name>
         <value>0x8424f</value>
         <object_component_ref idref="oc-17c"/>
      </symbol>
      <symbol id="sm-397">
         <name>_SeizeFlashPump</name>
         <value>0x83d81</value>
         <object_component_ref idref="oc-179"/>
      </symbol>
      <symbol id="sm-398">
         <name>_DisablePeripheralClocks</name>
         <value>0x83d69</value>
         <object_component_ref idref="oc-179"/>
      </symbol>
      <symbol id="sm-399">
         <name>_FlashOff</name>
         <value>0x8029</value>
         <object_component_ref idref="oc-17a"/>
      </symbol>
      <symbol id="sm-39a">
         <name>_DisableDog</name>
         <value>0x83da8</value>
         <object_component_ref idref="oc-179"/>
      </symbol>
      <symbol id="sm-39b">
         <name>_SysIntOsc2Sel</name>
         <value>0x83ea9</value>
         <object_component_ref idref="oc-179"/>
      </symbol>
      <symbol id="sm-39c">
         <name>_ReleaseFlashPump</name>
         <value>0x83d90</value>
         <object_component_ref idref="oc-179"/>
      </symbol>
      <symbol id="sm-39d">
         <name>_HALT</name>
         <value>0x83ef3</value>
         <object_component_ref idref="oc-179"/>
      </symbol>
      <symbol id="sm-39e">
         <name>_IDLE</name>
         <value>0x83edf</value>
         <object_component_ref idref="oc-179"/>
      </symbol>
      <symbol id="sm-39f">
         <name>_InitPeripheralClocks</name>
         <value>0x83cef</value>
         <object_component_ref idref="oc-179"/>
      </symbol>
      <symbol id="sm-3a0">
         <name>_InitFlash</name>
         <value>0x8000</value>
         <object_component_ref idref="oc-17a"/>
      </symbol>
      <symbol id="sm-3a1">
         <name>_SysXtalOscSel</name>
         <value>0x83eb3</value>
         <object_component_ref idref="oc-179"/>
      </symbol>
      <symbol id="sm-3a2">
         <name>_CsmUnlock</name>
         <value>0x83e7e</value>
         <object_component_ref idref="oc-179"/>
      </symbol>
      <symbol id="sm-3a3">
         <name>_SysIntOsc1Sel</name>
         <value>0x83e9f</value>
         <object_component_ref idref="oc-179"/>
      </symbol>
      <symbol id="sm-3a4">
         <name>_ServiceDog</name>
         <value>0x83d9a</value>
         <object_component_ref idref="oc-179"/>
      </symbol>
      <symbol id="sm-3a5">
         <name>_HIB</name>
         <value>0x83ef6</value>
         <object_component_ref idref="oc-179"/>
      </symbol>
      <symbol id="sm-3a6">
         <name>_AuxAuxClkSel</name>
         <value>0x83ed5</value>
         <object_component_ref idref="oc-179"/>
      </symbol>
      <symbol id="sm-3a7">
         <name>_AuxIntOsc2Sel</name>
         <value>0x83ebf</value>
         <object_component_ref idref="oc-179"/>
      </symbol>
      <symbol id="sm-3a8">
         <name>_InitAuxPll</name>
         <value>0x83db6</value>
         <object_component_ref idref="oc-179"/>
      </symbol>
      <symbol id="sm-3a9">
         <name>_InitSysCtrl</name>
         <value>0x83cde</value>
         <object_component_ref idref="oc-179"/>
      </symbol>
      <symbol id="sm-3aa">
         <name>_STANDBY</name>
         <value>0x83ee8</value>
         <object_component_ref idref="oc-179"/>
      </symbol>
      <symbol id="sm-3ab">
         <name>_AuxXtalOscSel</name>
         <value>0x83ec9</value>
         <object_component_ref idref="oc-179"/>
      </symbol>
      <symbol id="sm-3b7">
         <name>_F28x_usDelay</name>
         <value>0x8037</value>
         <object_component_ref idref="oc-f6"/>
      </symbol>
      <symbol id="sm-3e4">
         <name>_FatFs</name>
         <value>0xa840</value>
         <object_component_ref idref="oc-101"/>
      </symbol>
      <symbol id="sm-3e5">
         <name>_main</name>
         <value>0x83ef9</value>
         <object_component_ref idref="oc-175"/>
      </symbol>
      <symbol id="sm-3e6">
         <name>_write_data</name>
         <value>0x83f2b</value>
         <object_component_ref idref="oc-175"/>
      </symbol>
      <symbol id="sm-3e7">
         <name>_c2_results_buf_1</name>
         <value>0x10000</value>
         <object_component_ref idref="oc-103"/>
      </symbol>
      <symbol id="sm-3e8">
         <name>_c2_results_buf_2</name>
         <value>0x15000</value>
         <object_component_ref idref="oc-102"/>
      </symbol>
      <symbol id="sm-3e9">
         <name>_c2_buf_2_write_count</name>
         <value>0xf000</value>
         <object_component_ref idref="oc-fd"/>
      </symbol>
      <symbol id="sm-3ea">
         <name>_Fil</name>
         <value>0xa802</value>
         <object_component_ref idref="oc-101"/>
      </symbol>
      <symbol id="sm-3eb">
         <name>_c2_buf_1_output_count</name>
         <value>0x1a000</value>
         <object_component_ref idref="oc-ff"/>
      </symbol>
      <symbol id="sm-3ec">
         <name>_c2_test_running</name>
         <value>0xd000</value>
         <object_component_ref idref="oc-100"/>
      </symbol>
      <symbol id="sm-3ed">
         <name>_c2_buf_1_write_count</name>
         <value>0xe000</value>
         <object_component_ref idref="oc-fe"/>
      </symbol>
      <symbol id="sm-3ee">
         <name>_data_pointer</name>
         <value>0xa800</value>
         <object_component_ref idref="oc-101"/>
      </symbol>
      <symbol id="sm-3ef">
         <name>_c2_buf_2_output_count</name>
         <value>0x1b000</value>
         <object_component_ref idref="oc-fc"/>
      </symbol>
      <symbol id="sm-599">
         <name>_f_lseek</name>
         <value>0x830d2</value>
         <object_component_ref idref="oc-17d"/>
      </symbol>
      <symbol id="sm-59a">
         <name>_f_open</name>
         <value>0x82cc1</value>
         <object_component_ref idref="oc-17d"/>
      </symbol>
      <symbol id="sm-59b">
         <name>_f_truncate</name>
         <value>0x83342</value>
         <object_component_ref idref="oc-17d"/>
      </symbol>
      <symbol id="sm-59c">
         <name>_f_read</name>
         <value>0x82df3</value>
         <object_component_ref idref="oc-17d"/>
      </symbol>
      <symbol id="sm-59d">
         <name>_f_mount</name>
         <value>0x82c85</value>
         <object_component_ref idref="oc-17d"/>
      </symbol>
      <symbol id="sm-59e">
         <name>_f_close</name>
         <value>0x830bc</value>
         <object_component_ref idref="oc-17d"/>
      </symbol>
      <symbol id="sm-59f">
         <name>_f_stat</name>
         <value>0x83275</value>
         <object_component_ref idref="oc-17d"/>
      </symbol>
      <symbol id="sm-5a0">
         <name>_f_opendir</name>
         <value>0x831ef</value>
         <object_component_ref idref="oc-17d"/>
      </symbol>
      <symbol id="sm-5a1">
         <name>_f_mkdir</name>
         <value>0x8341e</value>
         <object_component_ref idref="oc-17d"/>
      </symbol>
      <symbol id="sm-5a2">
         <name>_f_unlink</name>
         <value>0x833b2</value>
         <object_component_ref idref="oc-17d"/>
      </symbol>
      <symbol id="sm-5a3">
         <name>_get_fattime</name>
         <value>0x82208</value>
         <object_component_ref idref="oc-17d"/>
      </symbol>
      <symbol id="sm-5a4">
         <name>_f_expand</name>
         <value>0x835af</value>
         <object_component_ref idref="oc-17d"/>
      </symbol>
      <symbol id="sm-5a5">
         <name>_f_readdir</name>
         <value>0x83249</value>
         <object_component_ref idref="oc-17d"/>
      </symbol>
      <symbol id="sm-5a6">
         <name>_f_closedir</name>
         <value>0x83239</value>
         <object_component_ref idref="oc-17d"/>
      </symbol>
      <symbol id="sm-5a7">
         <name>_f_write</name>
         <value>0x82efd</value>
         <object_component_ref idref="oc-17d"/>
      </symbol>
      <symbol id="sm-5a8">
         <name>_f_sync</name>
         <value>0x8306b</value>
         <object_component_ref idref="oc-17d"/>
      </symbol>
      <symbol id="sm-5a9">
         <name>_f_getfree</name>
         <value>0x8329d</value>
         <object_component_ref idref="oc-17d"/>
      </symbol>
      <symbol id="sm-5aa">
         <name>_f_rename</name>
         <value>0x834fb</value>
         <object_component_ref idref="oc-17d"/>
      </symbol>
      <symbol id="sm-62a">
         <name>_disk_status</name>
         <value>0x83881</value>
         <object_component_ref idref="oc-181"/>
      </symbol>
      <symbol id="sm-62b">
         <name>_disk_initialize</name>
         <value>0x8388c</value>
         <object_component_ref idref="oc-181"/>
      </symbol>
      <symbol id="sm-62c">
         <name>_disk_ioctl</name>
         <value>0x839b2</value>
         <object_component_ref idref="oc-181"/>
      </symbol>
      <symbol id="sm-62d">
         <name>_disk_read</name>
         <value>0x83927</value>
         <object_component_ref idref="oc-181"/>
      </symbol>
      <symbol id="sm-62e">
         <name>_disk_write</name>
         <value>0x83964</value>
         <object_component_ref idref="oc-181"/>
      </symbol>
      <symbol id="sm-64b">
         <name>_c_int00</name>
         <value>0x841aa</value>
         <object_component_ref idref="oc-75"/>
      </symbol>
      <symbol id="sm-64c">
         <name>__stack</name>
         <value>0x400</value>
         <object_component_ref idref="oc-118"/>
      </symbol>
      <symbol id="sm-662">
         <name>_copy_in</name>
         <value>0x83fb1</value>
         <object_component_ref idref="oc-171"/>
      </symbol>
      <symbol id="sm-671">
         <name>_ppcopy</name>
         <value>0x842b1</value>
         <object_component_ref idref="oc-123"/>
      </symbol>
      <symbol id="sm-672">
         <name>_dpcopy</name>
         <value>0x842b1</value>
         <object_component_ref idref="oc-123"/>
      </symbol>
      <symbol id="sm-673">
         <name>_pdcopy</name>
         <value>0x842b1</value>
         <object_component_ref idref="oc-123"/>
      </symbol>
      <symbol id="sm-674">
         <name>_ddcopy</name>
         <value>0x842b1</value>
         <object_component_ref idref="oc-123"/>
      </symbol>
      <symbol id="sm-689">
         <name>C$$EXIT</name>
         <value>0x841fe</value>
         <object_component_ref idref="oc-174"/>
      </symbol>
      <symbol id="sm-68a">
         <name>_exit</name>
         <value>0x84200</value>
         <object_component_ref idref="oc-174"/>
      </symbol>
      <symbol id="sm-68b">
         <name>___TI_cleanup_ptr</name>
         <value>0xaa5c</value>
         <object_component_ref idref="oc-12a"/>
      </symbol>
      <symbol id="sm-68c">
         <name>___TI_enable_exit_profile_output</name>
         <value>0xaa5a</value>
         <object_component_ref idref="oc-12a"/>
      </symbol>
      <symbol id="sm-68d">
         <name>_abort</name>
         <value>0x841fe</value>
         <object_component_ref idref="oc-174"/>
      </symbol>
      <symbol id="sm-68e">
         <name>___TI_dtors_ptr</name>
         <value>0xaa5e</value>
         <object_component_ref idref="oc-12a"/>
      </symbol>
      <symbol id="sm-6a5">
         <name>FD$$DIV</name>
         <value>0x8409c</value>
         <object_component_ref idref="oc-12f"/>
      </symbol>
      <symbol id="sm-6b7">
         <name>FD$$MPY</name>
         <value>0x84127</value>
         <object_component_ref idref="oc-134"/>
      </symbol>
      <symbol id="sm-6c3">
         <name>FD$$SUB</name>
         <value>0x84313</value>
         <object_component_ref idref="oc-139"/>
      </symbol>
      <symbol id="sm-6d2">
         <name>FD$$TOL</name>
         <value>0x84275</value>
         <object_component_ref idref="oc-13e"/>
      </symbol>
      <symbol id="sm-6de">
         <name>LL$$AND</name>
         <value>0x842e4</value>
         <object_component_ref idref="oc-143"/>
      </symbol>
      <symbol id="sm-6df">
         <name>LL$$OR</name>
         <value>0x842ec</value>
         <object_component_ref idref="oc-143"/>
      </symbol>
      <symbol id="sm-6e0">
         <name>LL$$XOR</name>
         <value>0x842f4</value>
         <object_component_ref idref="oc-143"/>
      </symbol>
      <symbol id="sm-6f2">
         <name>_memcpy</name>
         <value>0x84294</value>
         <object_component_ref idref="oc-178"/>
      </symbol>
      <symbol id="sm-709">
         <name>__system_pre_init</name>
         <value>0x84321</value>
         <object_component_ref idref="oc-170"/>
      </symbol>
      <symbol id="sm-716">
         <name>__system_post_cinit</name>
         <value>0x84323</value>
         <object_component_ref idref="oc-172"/>
      </symbol>
      <symbol id="sm-727">
         <name>U$$TOFD</name>
         <value>0x842fc</value>
         <object_component_ref idref="oc-15c"/>
      </symbol>
      <symbol id="sm-73c">
         <name>__unlock</name>
         <value>0xaa66</value>
         <object_component_ref idref="oc-182"/>
      </symbol>
      <symbol id="sm-73d">
         <name>__lock</name>
         <value>0xaa64</value>
         <object_component_ref idref="oc-176"/>
      </symbol>
      <symbol id="sm-73e">
         <name>__register_lock</name>
         <value>0x83ffb</value>
         <object_component_ref idref="oc-17e"/>
      </symbol>
      <symbol id="sm-73f">
         <name>__nop</name>
         <value>0x83fff</value>
         <object_component_ref idref="oc-17e"/>
      </symbol>
      <symbol id="sm-740">
         <name>__register_unlock</name>
         <value>0x83ff7</value>
         <object_component_ref idref="oc-17e"/>
      </symbol>
      <symbol id="sm-750">
         <name>__args_main</name>
         <value>0x842cb</value>
         <object_component_ref idref="oc-173"/>
      </symbol>
      <symbol id="sm-76b">
         <name>FD$$ADD</name>
         <value>0x84000</value>
         <object_component_ref idref="oc-16b"/>
      </symbol>
   </symbol_table>
   <title>Link successful</title>
</link_info>
