******************************************************************************
             TMS320C2000 Linker Unix v15.12.4                  
******************************************************************************
>> Linked Tue Jan 10 09:51:49 2017

OUTPUT FILE NAME:   <ADC_DC_Logger_CPU2.out>
ENTRY POINT SYMBOL: "_c_int00"  address: 000841aa


MEMORY CONFIGURATION

         name            origin    length      used     unused   attr    fill
----------------------  --------  ---------  --------  --------  ----  --------
PAGE 0:
  RAMM0                 00000080   00000380  00000000  00000380  RWIX
  RAMLS0                00008000   00000800  0000003b  000007c5  RWIX
  RAMLS1                00008800   00000800  00000000  00000800  RWIX
  RAMLS2                00009000   00000800  00000000  00000800  RWIX
  RAMLS3                00009800   00000800  00000000  00000800  RWIX
  RAMLS4                0000a000   00000800  00000000  00000800  RWIX
  RAMD0                 0000b000   00000800  00000000  00000800  RWIX
  BEGIN                 00080000   00000002  00000002  00000000  RWIX
  FLASHA                00080002   00001ffe  00000000  00001ffe  RWIX
  FLASHB                00082000   00002000  00001ffd  00000003  RWIX
  FLASHC                00084000   00002000  00000324  00001cdc  RWIX
  FLASHD                00086000   00002000  0000003b  00001fc5  RWIX
  FLASHE                00088000   00008000  00000000  00008000  RWIX
  FLASHF                00090000   00008000  00000000  00008000  RWIX
  FLASHG                00098000   00008000  00000000  00008000  RWIX
  FLASHH                000a0000   00008000  00000000  00008000  RWIX
  FLASHI                000a8000   00008000  00000000  00008000  RWIX
  FLASHJ                000b0000   00008000  00000000  00008000  RWIX
  FLASHK                000b8000   00002000  00000000  00002000  RWIX
  FLASHL                000ba000   00002000  00000000  00002000  RWIX
  FLASHM                000bc000   00002000  00000000  00002000  RWIX
  FLASHN                000be000   00002000  00000000  00002000  RWIX
  RESET                 003fffc0   00000002  00000000  00000002  RWIX

PAGE 1:
  BOOT_RSVD             00000002   0000007e  00000000  0000007e  RWIX
  RAMM1                 00000400   00000400  00000400  00000000  RWIX
  ADCA_RESULT           00000b00   00000020  00000018  00000008  RWIX
  ADCB_RESULT           00000b20   00000020  00000018  00000008  RWIX
  ADCC_RESULT           00000b40   00000020  00000018  00000008  RWIX
  ADCD_RESULT           00000b60   00000020  00000018  00000008  RWIX
  CPU_TIMER0            00000c00   00000008  00000008  00000000  RWIX
  CPU_TIMER1            00000c08   00000008  00000008  00000000  RWIX
  CPU_TIMER2            00000c10   00000008  00000008  00000000  RWIX
  PIE_CTRL              00000ce0   00000020  0000001a  00000006  RWIX
  PIE_VECT              00000d00   00000200  000001c0  00000040  RWIX
  DMA                   00001000   00000200  000000e0  00000120  RWIX
  CLA1                  00001400   00000040  0000003e  00000002  RWIX
  EPWM1                 00004000   00000100  00000100  00000000  RWIX
  EPWM2                 00004100   00000100  00000100  00000000  RWIX
  EPWM3                 00004200   00000100  00000100  00000000  RWIX
  EPWM4                 00004300   00000100  00000100  00000000  RWIX
  EPWM5                 00004400   00000100  00000100  00000000  RWIX
  EPWM6                 00004500   00000100  00000100  00000000  RWIX
  EPWM7                 00004600   00000100  00000100  00000000  RWIX
  EPWM8                 00004700   00000100  00000100  00000000  RWIX
  EPWM9                 00004800   00000100  00000100  00000000  RWIX
  EPWM10                00004900   00000100  00000100  00000000  RWIX
  EPWM11                00004a00   00000100  00000100  00000000  RWIX
  EPWM12                00004b00   00000100  00000100  00000000  RWIX
  ECAP1                 00005000   00000020  00000020  00000000  RWIX
  ECAP2                 00005020   00000020  00000020  00000000  RWIX
  ECAP3                 00005040   00000020  00000020  00000000  RWIX
  ECAP4                 00005060   00000020  00000020  00000000  RWIX
  ECAP5                 00005080   00000020  00000020  00000000  RWIX
  ECAP6                 000050a0   00000020  00000020  00000000  RWIX
  EQEP1                 00005100   00000040  00000022  0000001e  RWIX
  EQEP2                 00005140   00000040  00000022  0000001e  RWIX
  EQEP3                 00005180   00000040  00000022  0000001e  RWIX
  DACA                  00005c00   00000010  00000008  00000008  RWIX
  DACB                  00005c10   00000010  00000008  00000008  RWIX
  DACC                  00005c20   00000010  00000008  00000008  RWIX
  CMPSS1                00005c80   00000020  00000020  00000000  RWIX
  CMPSS2                00005ca0   00000020  00000020  00000000  RWIX
  CMPSS3                00005cc0   00000020  00000020  00000000  RWIX
  CMPSS4                00005ce0   00000020  00000020  00000000  RWIX
  CMPSS5                00005d00   00000020  00000020  00000000  RWIX
  CMPSS6                00005d20   00000020  00000020  00000000  RWIX
  CMPSS7                00005d40   00000020  00000020  00000000  RWIX
  CMPSS8                00005d60   00000020  00000020  00000000  RWIX
  SDFM1                 00005e00   00000080  00000080  00000000  RWIX
  SDFM2                 00005e80   00000080  00000080  00000000  RWIX
  MCBSPA                00006000   00000040  00000024  0000001c  RWIX
  MCBSPB                00006040   00000040  00000024  0000001c  RWIX
  SPIA                  00006100   00000010  00000010  00000000  RWIX
  SPIB                  00006110   00000010  00000010  00000000  RWIX
  SPIC                  00006120   00000010  00000010  00000000  RWIX
  SPID                  00006130   00000010  00000000  00000010  RWIX
  WD                    00007000   00000040  0000002b  00000015  RWIX
  NMIINTRUPT            00007060   00000010  00000007  00000009  RWIX
  XINT                  00007070   00000010  0000000b  00000005  RWIX
  SCIA                  00007200   00000010  00000010  00000000  RWIX
  SCIB                  00007210   00000010  00000010  00000000  RWIX
  SCIC                  00007220   00000010  00000010  00000000  RWIX
  SCID                  00007230   00000010  00000010  00000000  RWIX
  I2CA                  00007300   00000040  00000022  0000001e  RWIX
  I2CB                  00007340   00000040  00000022  0000001e  RWIX
  ADCA                  00007400   00000080  00000080  00000000  RWIX
  ADCB                  00007480   00000080  00000080  00000000  RWIX
  ADCC                  00007500   00000080  00000080  00000000  RWIX
  ADCD                  00007580   00000080  00000080  00000000  RWIX
  DMACLASRCSEL          00007980   00000040  0000001a  00000026  RWIX
  GPIOCTRL              00007c00   00000180  00000000  00000180  RWIX
  GPIODAT               00007f00   00000030  00000030  00000000  RWIX
  RAMLS5                0000a800   00000800  0000026a  00000596  RWIX
  RAMD1                 0000b800   00000800  00000000  00000800  RWIX
  RAMGS0                0000c000   00001000  00000000  00001000  RWIX
  RAMGS1                0000d000   00001000  00000001  00000fff  RWIX
  RAMGS2                0000e000   00001000  00000001  00000fff  RWIX
  RAMGS3                0000f000   00001000  00000001  00000fff  RWIX
  RAMGS4                00010000   00005000  00005000  00000000  RWIX
  RAMGS5                00015000   00005000  00005000  00000000  RWIX
  RAMGS14               0001a000   00001000  00000001  00000fff  RWIX
  RAMGS15               0001b000   00001000  00000001  00000fff  RWIX
  EMIF1                 00047000   00000800  00000070  00000790  RWIX
  EMIF2                 00047800   00000800  00000070  00000790  RWIX
  CANA                  00048000   00000800  00000000  00000800  RWIX
  CANB                  0004a000   00000800  00000000  00000800  RWIX
  IPC                   00050000   00000024  00000024  00000000  RWIX
  FLASHPUMPSEMAPHORE    00050024   00000002  00000002  00000000  RWIX
  CLK_CFG               0005d200   00000100  00000032  000000ce  RWIX
  CPU_SYS               0005d300   00000100  00000082  0000007e  RWIX
  DCSM_Z1               0005f000   00000030  00000024  0000000c  RWIX
  DCSM_Z2               0005f040   00000030  00000024  0000000c  RWIX
  DCSM_COMMON           0005f070   00000010  00000008  00000008  RWIX
  MEMCFG                0005f400   00000080  00000080  00000000  RWIX
  EMIF1CONFIG           0005f480   00000020  00000020  00000000  RWIX
  ACCESSPROTECTION      0005f4c0   00000040  00000040  00000000  RWIX
  MEMORYERROR           0005f500   00000040  00000040  00000000  RWIX
  FLASH0_CTRL           0005f800   00000300  00000182  0000017e  RWIX
  FLASH0_ECC            0005fb00   00000040  00000028  00000018  RWIX
  DCSM_Z1_OTP           00078000   00000020  00000020  00000000  RWIX
  DCSM_Z2_OTP           00078200   00000020  00000020  00000000  RWIX


SECTION ALLOCATION MAP

 output                                  attributes/
section   page    origin      length       input sections
--------  ----  ----------  ----------   ----------------
.cinit     0    000821e8    0000001e     
                  000821e8    0000000e     rts2800_ml.lib : exit.obj (.cinit)
                  000821f6    00000005                    : _lock.obj (.cinit:__lock)
                  000821fb    00000005                    : _lock.obj (.cinit:__unlock)
                  00082200    00000004     sdmm.obj (.cinit)
                  00082204    00000002     --HOLE-- [fill = 0]

.pinit     0    00082000    00000000     UNINITIALIZED

codestart 
*          0    00080000    00000002     
                  00080000    00000002     F2837xD_CodeStartBranch.obj (codestart)

.stack     1    00000400    00000400     UNINITIALIZED
                  00000400    00000400     --HOLE--

.ebss      1    0000a800    0000026a     UNINITIALIZED
                  0000a800    0000025a     cpu2_main.obj (.ebss)
                  0000aa5a    00000006     rts2800_ml.lib : exit.obj (.ebss)
                  0000aa60    00000004     ff.obj (.ebss)
                  0000aa64    00000002     rts2800_ml.lib : _lock.obj (.ebss:__lock)
                  0000aa66    00000002                    : _lock.obj (.ebss:__unlock)
                  0000aa68    00000002     sdmm.obj (.ebss)

.econst    0    00082000    000001e7     
                  00082000    000001c0     F2837xD_PieVect.obj (.econst:_PieVectTableInit)
                  000821c0    0000000f     ff.obj (.econst:.string)
                  000821cf    00000001     --HOLE-- [fill = 0]
                  000821d0    0000000c     sdmm.obj (.econst)
                  000821dc    0000000b     cpu2_main.obj (.econst:.string)

.reset     0    003fffc0    00000002     DSECT
                  003fffc0    00000002     rts2800_ml.lib : boot.obj (.reset)

.TI.ramfunc 
*          0    00086000    0000003b     RUN ADDR = 00008000
                  00086000    00000037     F2837xD_SysCtrl.obj (.TI.ramfunc)
                  00086037    00000004     F2837xD_usDelay.obj (.TI.ramfunc)

AdcaResultFile 
*          1    00000b00    00000018     UNINITIALIZED
                  00000b00    00000018     F2837xD_GlobalVariableDefs.obj (AdcaResultFile)

AdcbResultFile 
*          1    00000b20    00000018     UNINITIALIZED
                  00000b20    00000018     F2837xD_GlobalVariableDefs.obj (AdcbResultFile)

AdccResultFile 
*          1    00000b40    00000018     UNINITIALIZED
                  00000b40    00000018     F2837xD_GlobalVariableDefs.obj (AdccResultFile)

AdcdResultFile 
*          1    00000b60    00000018     UNINITIALIZED
                  00000b60    00000018     F2837xD_GlobalVariableDefs.obj (AdcdResultFile)

CpuTimer0RegsFile 
*          1    00000c00    00000008     UNINITIALIZED
                  00000c00    00000008     F2837xD_GlobalVariableDefs.obj (CpuTimer0RegsFile)

CpuTimer1RegsFile 
*          1    00000c08    00000008     UNINITIALIZED
                  00000c08    00000008     F2837xD_GlobalVariableDefs.obj (CpuTimer1RegsFile)

CpuTimer2RegsFile 
*          1    00000c10    00000008     UNINITIALIZED
                  00000c10    00000008     F2837xD_GlobalVariableDefs.obj (CpuTimer2RegsFile)

PieCtrlRegsFile 
*          1    00000ce0    0000001a     UNINITIALIZED
                  00000ce0    0000001a     F2837xD_GlobalVariableDefs.obj (PieCtrlRegsFile)

PieVectTableFile 
*          1    00000d00    000001c0     UNINITIALIZED
                  00000d00    000001c0     F2837xD_GlobalVariableDefs.obj (PieVectTableFile)

EmuKeyVar 
*          1    00000d00    00000001     UNINITIALIZED
                  00000d00    00000001     F2837xD_GlobalVariableDefs.obj (EmuKeyVar)

EmuBModeVar 
*          1    00000d01    00000001     UNINITIALIZED
                  00000d01    00000001     F2837xD_GlobalVariableDefs.obj (EmuBModeVar)

FlashCallbackVar 
*          1    00000d02    00000000     UNINITIALIZED

FlashScalingVar 
*          1    00000d02    00000000     UNINITIALIZED

DmaRegsFile 
*          1    00001000    000000e0     UNINITIALIZED
                  00001000    000000e0     F2837xD_GlobalVariableDefs.obj (DmaRegsFile)

EPwm1RegsFile 
*          1    00004000    00000100     UNINITIALIZED
                  00004000    00000100     F2837xD_GlobalVariableDefs.obj (EPwm1RegsFile)

EPwm2RegsFile 
*          1    00004100    00000100     UNINITIALIZED
                  00004100    00000100     F2837xD_GlobalVariableDefs.obj (EPwm2RegsFile)

EPwm3RegsFile 
*          1    00004200    00000100     UNINITIALIZED
                  00004200    00000100     F2837xD_GlobalVariableDefs.obj (EPwm3RegsFile)

EPwm4RegsFile 
*          1    00004300    00000100     UNINITIALIZED
                  00004300    00000100     F2837xD_GlobalVariableDefs.obj (EPwm4RegsFile)

EPwm5RegsFile 
*          1    00004400    00000100     UNINITIALIZED
                  00004400    00000100     F2837xD_GlobalVariableDefs.obj (EPwm5RegsFile)

EPwm6RegsFile 
*          1    00004500    00000100     UNINITIALIZED
                  00004500    00000100     F2837xD_GlobalVariableDefs.obj (EPwm6RegsFile)

EPwm7RegsFile 
*          1    00004600    00000100     UNINITIALIZED
                  00004600    00000100     F2837xD_GlobalVariableDefs.obj (EPwm7RegsFile)

EPwm8RegsFile 
*          1    00004700    00000100     UNINITIALIZED
                  00004700    00000100     F2837xD_GlobalVariableDefs.obj (EPwm8RegsFile)

EPwm9RegsFile 
*          1    00004800    00000100     UNINITIALIZED
                  00004800    00000100     F2837xD_GlobalVariableDefs.obj (EPwm9RegsFile)

EPwm10RegsFile 
*          1    00004900    00000100     UNINITIALIZED
                  00004900    00000100     F2837xD_GlobalVariableDefs.obj (EPwm10RegsFile)

EPwm11RegsFile 
*          1    00004a00    00000100     UNINITIALIZED
                  00004a00    00000100     F2837xD_GlobalVariableDefs.obj (EPwm11RegsFile)

EPwm12RegsFile 
*          1    00004b00    00000100     UNINITIALIZED
                  00004b00    00000100     F2837xD_GlobalVariableDefs.obj (EPwm12RegsFile)

ECap1RegsFile 
*          1    00005000    00000020     UNINITIALIZED
                  00005000    00000020     F2837xD_GlobalVariableDefs.obj (ECap1RegsFile)

ECap2RegsFile 
*          1    00005020    00000020     UNINITIALIZED
                  00005020    00000020     F2837xD_GlobalVariableDefs.obj (ECap2RegsFile)

ECap3RegsFile 
*          1    00005040    00000020     UNINITIALIZED
                  00005040    00000020     F2837xD_GlobalVariableDefs.obj (ECap3RegsFile)

ECap4RegsFile 
*          1    00005060    00000020     UNINITIALIZED
                  00005060    00000020     F2837xD_GlobalVariableDefs.obj (ECap4RegsFile)

ECap5RegsFile 
*          1    00005080    00000020     UNINITIALIZED
                  00005080    00000020     F2837xD_GlobalVariableDefs.obj (ECap5RegsFile)

ECap6RegsFile 
*          1    000050a0    00000020     UNINITIALIZED
                  000050a0    00000020     F2837xD_GlobalVariableDefs.obj (ECap6RegsFile)

EQep1RegsFile 
*          1    00005100    00000022     UNINITIALIZED
                  00005100    00000022     F2837xD_GlobalVariableDefs.obj (EQep1RegsFile)

EQep2RegsFile 
*          1    00005140    00000022     UNINITIALIZED
                  00005140    00000022     F2837xD_GlobalVariableDefs.obj (EQep2RegsFile)

EQep3RegsFile 
*          1    00005180    00000022     UNINITIALIZED
                  00005180    00000022     F2837xD_GlobalVariableDefs.obj (EQep3RegsFile)

DacaRegsFile 
*          1    00005c00    00000008     UNINITIALIZED
                  00005c00    00000008     F2837xD_GlobalVariableDefs.obj (DacaRegsFile)

DacbRegsFile 
*          1    00005c10    00000008     UNINITIALIZED
                  00005c10    00000008     F2837xD_GlobalVariableDefs.obj (DacbRegsFile)

DaccRegsFile 
*          1    00005c20    00000008     UNINITIALIZED
                  00005c20    00000008     F2837xD_GlobalVariableDefs.obj (DaccRegsFile)

Sdfm1RegsFile 
*          1    00005e00    00000080     UNINITIALIZED
                  00005e00    00000080     F2837xD_GlobalVariableDefs.obj (Sdfm1RegsFile)

Sdfm2RegsFile 
*          1    00005e80    00000080     UNINITIALIZED
                  00005e80    00000080     F2837xD_GlobalVariableDefs.obj (Sdfm2RegsFile)

McbspaRegsFile 
*          1    00006000    00000024     UNINITIALIZED
                  00006000    00000024     F2837xD_GlobalVariableDefs.obj (McbspaRegsFile)

McbspbRegsFile 
*          1    00006040    00000024     UNINITIALIZED
                  00006040    00000024     F2837xD_GlobalVariableDefs.obj (McbspbRegsFile)

SpiaRegsFile 
*          1    00006100    00000010     UNINITIALIZED
                  00006100    00000010     F2837xD_GlobalVariableDefs.obj (SpiaRegsFile)

SpibRegsFile 
*          1    00006110    00000010     UNINITIALIZED
                  00006110    00000010     F2837xD_GlobalVariableDefs.obj (SpibRegsFile)

SpicRegsFile 
*          1    00006120    00000010     UNINITIALIZED
                  00006120    00000010     F2837xD_GlobalVariableDefs.obj (SpicRegsFile)

WdRegsFile 
*          1    00007000    0000002b     UNINITIALIZED
                  00007000    0000002b     F2837xD_GlobalVariableDefs.obj (WdRegsFile)

NmiIntruptRegsFile 
*          1    00007060    00000007     UNINITIALIZED
                  00007060    00000007     F2837xD_GlobalVariableDefs.obj (NmiIntruptRegsFile)

XintRegsFile 
*          1    00007070    0000000b     UNINITIALIZED
                  00007070    0000000b     F2837xD_GlobalVariableDefs.obj (XintRegsFile)

SciaRegsFile 
*          1    00007200    00000010     UNINITIALIZED
                  00007200    00000010     F2837xD_GlobalVariableDefs.obj (SciaRegsFile)

ScibRegsFile 
*          1    00007210    00000010     UNINITIALIZED
                  00007210    00000010     F2837xD_GlobalVariableDefs.obj (ScibRegsFile)

ScicRegsFile 
*          1    00007220    00000010     UNINITIALIZED
                  00007220    00000010     F2837xD_GlobalVariableDefs.obj (ScicRegsFile)

ScidRegsFile 
*          1    00007230    00000010     UNINITIALIZED
                  00007230    00000010     F2837xD_GlobalVariableDefs.obj (ScidRegsFile)

I2caRegsFile 
*          1    00007300    00000022     UNINITIALIZED
                  00007300    00000022     F2837xD_GlobalVariableDefs.obj (I2caRegsFile)

I2cbRegsFile 
*          1    00007340    00000022     UNINITIALIZED
                  00007340    00000022     F2837xD_GlobalVariableDefs.obj (I2cbRegsFile)

AdcaRegsFile 
*          1    00007400    00000080     UNINITIALIZED
                  00007400    00000080     F2837xD_GlobalVariableDefs.obj (AdcaRegsFile)

AdcbRegsFile 
*          1    00007480    00000080     UNINITIALIZED
                  00007480    00000080     F2837xD_GlobalVariableDefs.obj (AdcbRegsFile)

AdccRegsFile 
*          1    00007500    00000080     UNINITIALIZED
                  00007500    00000080     F2837xD_GlobalVariableDefs.obj (AdccRegsFile)

AdcdRegsFile 
*          1    00007580    00000080     UNINITIALIZED
                  00007580    00000080     F2837xD_GlobalVariableDefs.obj (AdcdRegsFile)

DmaClaSrcSelRegsFile 
*          1    00007980    0000001a     UNINITIALIZED
                  00007980    0000001a     F2837xD_GlobalVariableDefs.obj (DmaClaSrcSelRegsFile)

SHARERAMGS1 
*          1    0000d000    00000001     UNINITIALIZED
                  0000d000    00000001     cpu2_main.obj (SHARERAMGS1)

SHARERAMGS2 
*          1    0000e000    00000001     UNINITIALIZED
                  0000e000    00000001     cpu2_main.obj (SHARERAMGS2)

SHARERAMGS3 
*          1    0000f000    00000001     UNINITIALIZED
                  0000f000    00000001     cpu2_main.obj (SHARERAMGS3)

SHARERAMGS4 
*          1    00010000    00005000     UNINITIALIZED
                  00010000    00005000     cpu2_main.obj (SHARERAMGS4)

SHARERAMGS5 
*          1    00015000    00005000     UNINITIALIZED
                  00015000    00005000     cpu2_main.obj (SHARERAMGS5)

SHARERAMGS14 
*          1    0001a000    00000001     UNINITIALIZED
                  0001a000    00000001     cpu2_main.obj (SHARERAMGS14)

SHARERAMGS15 
*          1    0001b000    00000001     UNINITIALIZED
                  0001b000    00000001     cpu2_main.obj (SHARERAMGS15)

Cla1RegsFile 
*          1    00001400    0000003e     UNINITIALIZED
                  00001400    0000003e     F2837xD_GlobalVariableDefs.obj (Cla1RegsFile)

Cla1SoftIntRegsFile 
*          1    00000ce0    00000004     DSECT
                  00000ce0    00000004     F2837xD_GlobalVariableDefs.obj (Cla1SoftIntRegsFile)

Cmpss1RegsFile 
*          1    00005c80    00000020     UNINITIALIZED
                  00005c80    00000020     F2837xD_GlobalVariableDefs.obj (Cmpss1RegsFile)

Cmpss2RegsFile 
*          1    00005ca0    00000020     UNINITIALIZED
                  00005ca0    00000020     F2837xD_GlobalVariableDefs.obj (Cmpss2RegsFile)

Cmpss3RegsFile 
*          1    00005cc0    00000020     UNINITIALIZED
                  00005cc0    00000020     F2837xD_GlobalVariableDefs.obj (Cmpss3RegsFile)

Cmpss4RegsFile 
*          1    00005ce0    00000020     UNINITIALIZED
                  00005ce0    00000020     F2837xD_GlobalVariableDefs.obj (Cmpss4RegsFile)

Cmpss5RegsFile 
*          1    00005d00    00000020     UNINITIALIZED
                  00005d00    00000020     F2837xD_GlobalVariableDefs.obj (Cmpss5RegsFile)

Cmpss6RegsFile 
*          1    00005d20    00000020     UNINITIALIZED
                  00005d20    00000020     F2837xD_GlobalVariableDefs.obj (Cmpss6RegsFile)

Cmpss7RegsFile 
*          1    00005d40    00000020     UNINITIALIZED
                  00005d40    00000020     F2837xD_GlobalVariableDefs.obj (Cmpss7RegsFile)

Cmpss8RegsFile 
*          1    00005d60    00000020     UNINITIALIZED
                  00005d60    00000020     F2837xD_GlobalVariableDefs.obj (Cmpss8RegsFile)

Emif1RegsFile 
*          1    00047000    00000070     UNINITIALIZED
                  00047000    00000070     F2837xD_GlobalVariableDefs.obj (Emif1RegsFile)

Emif2RegsFile 
*          1    00047800    00000070     UNINITIALIZED
                  00047800    00000070     F2837xD_GlobalVariableDefs.obj (Emif2RegsFile)

DcsmZ1RegsFile 
*          1    0005f000    00000024     UNINITIALIZED
                  0005f000    00000024     F2837xD_GlobalVariableDefs.obj (DcsmZ1RegsFile)

DcsmZ2RegsFile 
*          1    0005f040    00000024     UNINITIALIZED
                  0005f040    00000024     F2837xD_GlobalVariableDefs.obj (DcsmZ2RegsFile)

DcsmCommonRegsFile 
*          1    0005f070    00000008     UNINITIALIZED
                  0005f070    00000008     F2837xD_GlobalVariableDefs.obj (DcsmCommonRegsFile)

Flash0CtrlRegsFile 
*          1    0005f800    00000182     UNINITIALIZED
                  0005f800    00000182     F2837xD_GlobalVariableDefs.obj (Flash0CtrlRegsFile)

Flash0EccRegsFile 
*          1    0005fb00    00000028     UNINITIALIZED
                  0005fb00    00000028     F2837xD_GlobalVariableDefs.obj (Flash0EccRegsFile)

DcsmZ1OtpFile 
*          1    00078000    00000020     NOLOAD SECTION
                  00078000    00000020     F2837xD_GlobalVariableDefs.obj (DcsmZ1OtpFile)

DcsmZ2OtpFile 
*          1    00078200    00000020     NOLOAD SECTION
                  00078200    00000020     F2837xD_GlobalVariableDefs.obj (DcsmZ2OtpFile)

GpioDataRegsFile 
*          1    00007f00    00000030     UNINITIALIZED
                  00007f00    00000030     F2837xD_GlobalVariableDefs.obj (GpioDataRegsFile)

IpcRegsFile 
*          1    00050000    00000024     UNINITIALIZED
                  00050000    00000024     F2837xD_GlobalVariableDefs.obj (IpcRegsFile)

FlashPumpSemaphoreRegsFile 
*          1    00050024    00000002     UNINITIALIZED
                  00050024    00000002     F2837xD_GlobalVariableDefs.obj (FlashPumpSemaphoreRegsFile)

MemCfgRegsFile 
*          1    0005f400    00000080     UNINITIALIZED
                  0005f400    00000080     F2837xD_GlobalVariableDefs.obj (MemCfgRegsFile)

Emif1ConfigRegsFile 
*          1    0005f480    00000020     UNINITIALIZED
                  0005f480    00000020     F2837xD_GlobalVariableDefs.obj (Emif1ConfigRegsFile)

AccessProtectionRegsFile 
*          1    0005f4c0    00000040     UNINITIALIZED
                  0005f4c0    00000040     F2837xD_GlobalVariableDefs.obj (AccessProtectionRegsFile)

MemoryErrorRegsFile 
*          1    0005f500    00000040     UNINITIALIZED
                  0005f500    00000040     F2837xD_GlobalVariableDefs.obj (MemoryErrorRegsFile)

ClkCfgRegsFile 
*          1    0005d200    00000032     UNINITIALIZED
                  0005d200    00000032     F2837xD_GlobalVariableDefs.obj (ClkCfgRegsFile)

CpuSysRegsFile 
*          1    0005d300    00000082     UNINITIALIZED
                  0005d300    00000082     F2837xD_GlobalVariableDefs.obj (CpuSysRegsFile)

.text.1    0    00082208    00001df8     
                  00082208    0000147e     ff.obj (.text)
                  00083686    00000397     sdmm.obj (.text)
                  00083a1d    000002c1     F2837xD_DefaultISR.obj (.text:retain)
                  00083cde    0000021b     F2837xD_SysCtrl.obj (.text)
                  00083ef9    000000b8     cpu2_main.obj (.text)
                  00083fb1    00000046     rts2800_ml.lib : cpy_tbl.obj (.text)
                  00083ff7    00000009                    : _lock.obj (.text)

.text.2    0    00084000    00000324     
                  00084000    0000009c     rts2800_ml.lib : fd_add.obj (.text)
                  0008409c    0000008b                    : fd_div.obj (.text)
                  00084127    00000083                    : fd_mpy.obj (.text)
                  000841aa    00000054                    : boot.obj (.text)
                  000841fe    00000029                    : exit.obj (.text)
                  00084227    00000028     F2837xD_PieCtrl.obj (.text)
                  0008424f    00000026     F2837xD_PieVect.obj (.text)
                  00084275    0000001f     rts2800_ml.lib : fd_tol.obj (.text)
                  00084294    0000001d                    : memcpy.obj (.text)
                  000842b1    0000001a                    : cpy_utils.obj (.text)
                  000842cb    00000019                    : args_main.obj (.text)
                  000842e4    00000018                    : ll_aox.obj (.text)
                  000842fc    00000017                    : u_tofd.obj (.text)
                  00084313    0000000e                    : fd_sub.obj (.text)
                  00084321    00000002                    : pre_init.obj (.text)
                  00084323    00000001                    : startup.obj (.text)

MODULE SUMMARY

       Module                           code   ro data   rw data
       ------                           ----   -------   -------
    ./
       cpu2_main.obj                    184    0         41578  
       F2837xD_GlobalVariableDefs.obj   0      0         6983   
       ff.obj                           5246   0         19     
       sdmm.obj                         919    0         18     
       F2837xD_DefaultISR.obj           705    0         0      
       F2837xD_SysCtrl.obj              649    0         0      
       F2837xD_PieVect.obj              38     0         448    
       F2837xD_PieCtrl.obj              40     0         0      
       F2837xD_usDelay.obj              8      0         0      
       F2837xD_CodeStartBranch.obj      2      0         0      
    +--+--------------------------------+------+---------+---------+
       Total:                           7791   0         49046  
                                                                
    /home/jason/software/ti/ccsv6/tools/compiler/ti-cgt-c2000_15.12.4.LTS/lib/rts2800_ml.lib
       fd_add.obj                       156    0         0      
       fd_div.obj                       139    0         0      
       fd_mpy.obj                       131    0         0      
       boot.obj                         84     0         0      
       cpy_tbl.obj                      70     0         0      
       exit.obj                         41     0         20     
       fd_tol.obj                       31     0         0      
       memcpy.obj                       29     0         0      
       cpy_utils.obj                    26     0         0      
       args_main.obj                    25     0         0      
       ll_aox.obj                       24     0         0      
       _lock.obj                        9      0         14     
       u_tofd.obj                       23     0         0      
       fd_sub.obj                       14     0         0      
       pre_init.obj                     2      0         0      
       startup.obj                      1      0         0      
    +--+--------------------------------+------+---------+---------+
       Total:                           805    0         34     
                                                                
       Stack:                           0      0         1024   
    +--+--------------------------------+------+---------+---------+
       Grand Total:                     8596   0         50104  


GLOBAL DATA SYMBOLS: SORTED BY DATA PAGE

address     data page           name
--------    ----------------    ----
00000400      10 (00000400)     __stack

00000b00      2c (00000b00)     _AdcaResultRegs
00000b20      2c (00000b00)     _AdcbResultRegs

00000b40      2d (00000b40)     _AdccResultRegs
00000b60      2d (00000b40)     _AdcdResultRegs

00000c00      30 (00000c00)     _CpuTimer0Regs
00000c08      30 (00000c00)     _CpuTimer1Regs
00000c10      30 (00000c00)     _CpuTimer2Regs

00000ce0      33 (00000cc0)     _Cla1SoftIntRegs
00000ce0      33 (00000cc0)     _PieCtrlRegs

00000d00      34 (00000d00)     _EmuKey
00000d00      34 (00000d00)     _PieVectTable
00000d01      34 (00000d00)     _EmuBMode

00001000      40 (00001000)     _DmaRegs

00001400      50 (00001400)     _Cla1Regs

00004000     100 (00004000)     _EPwm1Regs

00004100     104 (00004100)     _EPwm2Regs

00004200     108 (00004200)     _EPwm3Regs

00004300     10c (00004300)     _EPwm4Regs

00004400     110 (00004400)     _EPwm5Regs

00004500     114 (00004500)     _EPwm6Regs

00004600     118 (00004600)     _EPwm7Regs

00004700     11c (00004700)     _EPwm8Regs

00004800     120 (00004800)     _EPwm9Regs

00004900     124 (00004900)     _EPwm10Regs

00004a00     128 (00004a00)     _EPwm11Regs

00004b00     12c (00004b00)     _EPwm12Regs

00005000     140 (00005000)     _ECap1Regs
00005020     140 (00005000)     _ECap2Regs

00005040     141 (00005040)     _ECap3Regs
00005060     141 (00005040)     _ECap4Regs

00005080     142 (00005080)     _ECap5Regs
000050a0     142 (00005080)     _ECap6Regs

00005100     144 (00005100)     _EQep1Regs

00005140     145 (00005140)     _EQep2Regs

00005180     146 (00005180)     _EQep3Regs

00005c00     170 (00005c00)     _DacaRegs
00005c10     170 (00005c00)     _DacbRegs
00005c20     170 (00005c00)     _DaccRegs

00005c80     172 (00005c80)     _Cmpss1Regs
00005ca0     172 (00005c80)     _Cmpss2Regs

00005cc0     173 (00005cc0)     _Cmpss3Regs
00005ce0     173 (00005cc0)     _Cmpss4Regs

00005d00     174 (00005d00)     _Cmpss5Regs
00005d20     174 (00005d00)     _Cmpss6Regs

00005d40     175 (00005d40)     _Cmpss7Regs
00005d60     175 (00005d40)     _Cmpss8Regs

00005e00     178 (00005e00)     _Sdfm1Regs

00005e80     17a (00005e80)     _Sdfm2Regs

00006000     180 (00006000)     _McbspaRegs

00006040     181 (00006040)     _McbspbRegs

00006100     184 (00006100)     _SpiaRegs
00006110     184 (00006100)     _SpibRegs
00006120     184 (00006100)     _SpicRegs

00007000     1c0 (00007000)     _WdRegs

00007060     1c1 (00007040)     _NmiIntruptRegs
00007070     1c1 (00007040)     _XintRegs

00007200     1c8 (00007200)     _SciaRegs
00007210     1c8 (00007200)     _ScibRegs
00007220     1c8 (00007200)     _ScicRegs
00007230     1c8 (00007200)     _ScidRegs

00007300     1cc (00007300)     _I2caRegs

00007340     1cd (00007340)     _I2cbRegs

00007400     1d0 (00007400)     _AdcaRegs

00007480     1d2 (00007480)     _AdcbRegs

00007500     1d4 (00007500)     _AdccRegs

00007580     1d6 (00007580)     _AdcdRegs

00007980     1e6 (00007980)     _DmaClaSrcSelRegs

00007f00     1fc (00007f00)     _GpioDataRegs

0000a800     2a0 (0000a800)     _data_pointer
0000a802     2a0 (0000a800)     _Fil

0000a840     2a1 (0000a840)     _FatFs

0000aa5a     2a9 (0000aa40)     ___TI_enable_exit_profile_output
0000aa5c     2a9 (0000aa40)     ___TI_cleanup_ptr
0000aa5e     2a9 (0000aa40)     ___TI_dtors_ptr
0000aa64     2a9 (0000aa40)     __lock
0000aa66     2a9 (0000aa40)     __unlock

0000d000     340 (0000d000)     _c2_test_running

0000e000     380 (0000e000)     _c2_buf_1_write_count

0000f000     3c0 (0000f000)     _c2_buf_2_write_count

00010000     400 (00010000)     _c2_results_buf_1

00015000     540 (00015000)     _c2_results_buf_2

0001a000     680 (0001a000)     _c2_buf_1_output_count

0001b000     6c0 (0001b000)     _c2_buf_2_output_count

00047000    11c0 (00047000)     _Emif1Regs

00047800    11e0 (00047800)     _Emif2Regs

00050000    1400 (00050000)     _IpcRegs
00050024    1400 (00050000)     _FlashPumpSemaphoreRegs

0005d200    1748 (0005d200)     _ClkCfgRegs

0005d300    174c (0005d300)     _CpuSysRegs

0005f000    17c0 (0005f000)     _DcsmZ1Regs

0005f040    17c1 (0005f040)     _DcsmZ2Regs
0005f070    17c1 (0005f040)     _DcsmCommonRegs

0005f400    17d0 (0005f400)     _MemCfgRegs

0005f480    17d2 (0005f480)     _Emif1ConfigRegs

0005f4c0    17d3 (0005f4c0)     _AccessProtectionRegs

0005f500    17d4 (0005f500)     _MemoryErrorRegs

0005f800    17e0 (0005f800)     _Flash0CtrlRegs

0005fb00    17ec (0005fb00)     _Flash0EccRegs

00078000    1e00 (00078000)     _DcsmZ1Otp

00078200    1e08 (00078200)     _DcsmZ2Otp

00082000    2080 (00082000)     _PieVectTableInit


GLOBAL SYMBOLS: SORTED ALPHABETICALLY BY Name 

page  address   name                            
----  -------   ----                            
abs   ffffffff  .text                           
0     000841fe  C$$EXIT                         
0     00084000  FD$$ADD                         
0     0008409c  FD$$DIV                         
0     00084127  FD$$MPY                         
0     00084313  FD$$SUB                         
0     00084275  FD$$TOL                         
0     000842e4  LL$$AND                         
0     000842ec  LL$$OR                          
0     000842f4  LL$$XOR                         
0     000842fc  U$$TOFD                         
0     00083a7c  _ADCA1_ISR                      
0     00083bbc  _ADCA2_ISR                      
0     00083bc1  _ADCA3_ISR                      
0     00083bc6  _ADCA4_ISR                      
0     00083bb7  _ADCA_EVT_ISR                   
0     00083a81  _ADCB1_ISR                      
0     00083bd0  _ADCB2_ISR                      
0     00083bd5  _ADCB3_ISR                      
0     00083bda  _ADCB4_ISR                      
0     00083bcb  _ADCB_EVT_ISR                   
0     00083a86  _ADCC1_ISR                      
0     00083c84  _ADCC2_ISR                      
0     00083c89  _ADCC3_ISR                      
0     00083c8e  _ADCC4_ISR                      
0     00083c7f  _ADCC_EVT_ISR                   
0     00083a95  _ADCD1_ISR                      
0     00083c98  _ADCD2_ISR                      
0     00083c9d  _ADCD3_ISR                      
0     00083ca2  _ADCD4_ISR                      
0     00083c93  _ADCD_EVT_ISR                   
0     00083cc0  _AUX_PLL_SLIP_ISR               
1     0005f4c0  _AccessProtectionRegs           
1     00007400  _AdcaRegs                       
1     00000b00  _AdcaResultRegs                 
1     00007480  _AdcbRegs                       
1     00000b20  _AdcbResultRegs                 
1     00007500  _AdccRegs                       
1     00000b40  _AdccResultRegs                 
1     00007580  _AdcdRegs                       
1     00000b60  _AdcdResultRegs                 
0     00083ed5  _AuxAuxClkSel                   
0     00083ebf  _AuxIntOsc2Sel                  
0     00083ec9  _AuxXtalOscSel                  
0     00083ba3  _CANA0_ISR                      
0     00083ba8  _CANA1_ISR                      
0     00083bad  _CANB0_ISR                      
0     00083bb2  _CANB1_ISR                      
0     00083bdf  _CLA1_1_ISR                     
0     00083be4  _CLA1_2_ISR                     
0     00083be9  _CLA1_3_ISR                     
0     00083bee  _CLA1_4_ISR                     
0     00083bf3  _CLA1_5_ISR                     
0     00083bf8  _CLA1_6_ISR                     
0     00083bfd  _CLA1_7_ISR                     
0     00083c02  _CLA1_8_ISR                     
0     00083cc5  _CLA_OVERFLOW_ISR               
0     00083cca  _CLA_UNDERFLOW_ISR              
1     00001400  _Cla1Regs                       
0     00000ce0  _Cla1SoftIntRegs                
1     0005d200  _ClkCfgRegs                     
1     00005c80  _Cmpss1Regs                     
1     00005ca0  _Cmpss2Regs                     
1     00005cc0  _Cmpss3Regs                     
1     00005ce0  _Cmpss4Regs                     
1     00005d00  _Cmpss5Regs                     
1     00005d20  _Cmpss6Regs                     
1     00005d40  _Cmpss7Regs                     
1     00005d60  _Cmpss8Regs                     
1     0005d300  _CpuSysRegs                     
1     00000c00  _CpuTimer0Regs                  
1     00000c08  _CpuTimer1Regs                  
1     00000c10  _CpuTimer2Regs                  
0     00083e7e  _CsmUnlock                      
0     00083a27  _DATALOG_ISR                    
0     00083b49  _DMA_CH1_ISR                    
0     00083b4e  _DMA_CH2_ISR                    
0     00083b53  _DMA_CH3_ISR                    
0     00083b58  _DMA_CH4_ISR                    
0     00083b5d  _DMA_CH5_ISR                    
0     00083b62  _DMA_CH6_ISR                    
1     00005c00  _DacaRegs                       
1     00005c10  _DacbRegs                       
1     00005c20  _DaccRegs                       
1     0005f070  _DcsmCommonRegs                 
1     00078000  _DcsmZ1Otp                      
1     0005f000  _DcsmZ1Regs                     
1     00078200  _DcsmZ2Otp                      
1     0005f040  _DcsmZ2Regs                     
0     00083da8  _DisableDog                     
0     00083d69  _DisablePeripheralClocks        
1     00007980  _DmaClaSrcSelRegs               
1     00001000  _DmaRegs                        
0     00083af4  _ECAP1_ISR                      
0     00083af9  _ECAP2_ISR                      
0     00083afe  _ECAP3_ISR                      
0     00083b03  _ECAP4_ISR                      
0     00083b08  _ECAP5_ISR                      
0     00083b0d  _ECAP6_ISR                      
1     00005000  _ECap1Regs                      
1     00005020  _ECap2Regs                      
1     00005040  _ECap3Regs                      
1     00005060  _ECap4Regs                      
1     00005080  _ECap5Regs                      
1     000050a0  _ECap6Regs                      
0     00083ca7  _EMIF_ERROR_ISR                 
0     00083cd4  _EMPTY_ISR                      
0     00083a31  _EMU_ISR                        
0     00083c52  _EPWM10_ISR                     
0     00083c3e  _EPWM10_TZ_ISR                  
0     00083c57  _EPWM11_ISR                     
0     00083c43  _EPWM11_TZ_ISR                  
0     00083c5c  _EPWM12_ISR                     
0     00083c48  _EPWM12_TZ_ISR                  
0     00083acc  _EPWM1_ISR                      
0     00083aa4  _EPWM1_TZ_ISR                   
0     00083ad1  _EPWM2_ISR                      
0     00083aa9  _EPWM2_TZ_ISR                   
0     00083ad6  _EPWM3_ISR                      
0     00083aae  _EPWM3_TZ_ISR                   
0     00083adb  _EPWM4_ISR                      
0     00083ab3  _EPWM4_TZ_ISR                   
0     00083ae0  _EPWM5_ISR                      
0     00083ab8  _EPWM5_TZ_ISR                   
0     00083ae5  _EPWM6_ISR                      
0     00083abd  _EPWM6_TZ_ISR                   
0     00083aea  _EPWM7_ISR                      
0     00083ac2  _EPWM7_TZ_ISR                   
0     00083aef  _EPWM8_ISR                      
0     00083ac7  _EPWM8_TZ_ISR                   
0     00083c4d  _EPWM9_ISR                      
0     00083c39  _EPWM9_TZ_ISR                   
1     00004900  _EPwm10Regs                     
1     00004a00  _EPwm11Regs                     
1     00004b00  _EPwm12Regs                     
1     00004000  _EPwm1Regs                      
1     00004100  _EPwm2Regs                      
1     00004200  _EPwm3Regs                      
1     00004300  _EPwm4Regs                      
1     00004400  _EPwm5Regs                      
1     00004500  _EPwm6Regs                      
1     00004600  _EPwm7Regs                      
1     00004700  _EPwm8Regs                      
1     00004800  _EPwm9Regs                      
0     00083b12  _EQEP1_ISR                      
0     00083b17  _EQEP2_ISR                      
0     00083b1c  _EQEP3_ISR                      
1     00005100  _EQep1Regs                      
1     00005140  _EQep2Regs                      
1     00005180  _EQep3Regs                      
1     0005f480  _Emif1ConfigRegs                
1     00047000  _Emif1Regs                      
1     00047800  _Emif2Regs                      
1     00000d01  _EmuBMode                       
1     00000d00  _EmuKey                         
0     00084246  _EnableInterrupts               
0     00008037  _F28x_usDelay                   
0     00083cb1  _FLASH_CORRECTABLE_ERROR_ISR    
0     00083c1b  _FPU_OVERFLOW_ISR               
0     00083c20  _FPU_UNDERFLOW_ISR              
1     0000a840  _FatFs                          
1     0000a802  _Fil                            
1     0005f800  _Flash0CtrlRegs                 
1     0005fb00  _Flash0EccRegs                  
0     00008029  _FlashOff                       
1     00050024  _FlashPumpSemaphoreRegs         
1     00007f00  _GpioDataRegs                   
0     00083ef3  _HALT                           
0     00083ef6  _HIB                            
0     00083b6c  _I2CA_FIFO_ISR                  
0     00083b67  _I2CA_ISR                       
0     00083b76  _I2CB_FIFO_ISR                  
0     00083b71  _I2CB_ISR                       
1     00007300  _I2caRegs                       
1     00007340  _I2cbRegs                       
0     00083edf  _IDLE                           
0     00083a3b  _ILLEGAL_ISR                    
0     00083c25  _IPC0_ISR                       
0     00083c2a  _IPC1_ISR                       
0     00083c2f  _IPC2_ISR                       
0     00083c34  _IPC3_ISR                       
0     00083db6  _InitAuxPll                     
0     00008000  _InitFlash                      
0     00083cef  _InitPeripheralClocks           
0     00084227  _InitPieCtrl                    
0     0008424f  _InitPieVectTable               
0     00083cde  _InitSysCtrl                    
1     00050000  _IpcRegs                        
0     00083b35  _MCBSPA_RX_ISR                  
0     00083b3a  _MCBSPA_TX_ISR                  
0     00083b3f  _MCBSPB_RX_ISR                  
0     00083b44  _MCBSPB_TX_ISR                  
1     00006000  _McbspaRegs                     
1     00006040  _McbspbRegs                     
1     0005f400  _MemCfgRegs                     
1     0005f500  _MemoryErrorRegs                
0     00083a36  _NMI_ISR                        
0     00083cd9  _NOTUSED_ISR                    
1     00007060  _NmiIntruptRegs                 
0     00083ccf  _PIE_RESERVED_ISR               
1     00000ce0  _PieCtrlRegs                    
1     00000d00  _PieVectTable                   
0     00082000  _PieVectTableInit               
0     00083cb6  _RAM_ACCESS_VIOLATION_ISR       
0     00083cac  _RAM_CORRECTABLE_ERROR_ISR      
0     00083a2c  _RTOS_ISR                       
0     0008603b  _RamfuncsLoadEnd                
abs   0000003b  _RamfuncsLoadSize               
0     00086000  _RamfuncsLoadStart              
0     0000803b  _RamfuncsRunEnd                 
abs   0000003b  _RamfuncsRunSize                
0     00008000  _RamfuncsRunStart               
0     00083d90  _ReleaseFlashPump               
0     00083b8f  _SCIA_RX_ISR                    
0     00083b94  _SCIA_TX_ISR                    
0     00083b99  _SCIB_RX_ISR                    
0     00083b9e  _SCIB_TX_ISR                    
0     00083b7b  _SCIC_RX_ISR                    
0     00083b80  _SCIC_TX_ISR                    
0     00083b85  _SCID_RX_ISR                    
0     00083b8a  _SCID_TX_ISR                    
0     00083c61  _SD1_ISR                        
0     00083c66  _SD2_ISR                        
0     00083b21  _SPIA_RX_ISR                    
0     00083b26  _SPIA_TX_ISR                    
0     00083b2b  _SPIB_RX_ISR                    
0     00083b30  _SPIB_TX_ISR                    
0     00083c6b  _SPIC_RX_ISR                    
0     00083c70  _SPIC_TX_ISR                    
0     00083ee8  _STANDBY                        
0     00083cbb  _SYS_PLL_SLIP_ISR               
1     00007200  _SciaRegs                       
1     00007210  _ScibRegs                       
1     00007220  _ScicRegs                       
1     00007230  _ScidRegs                       
1     00005e00  _Sdfm1Regs                      
1     00005e80  _Sdfm2Regs                      
0     00083d81  _SeizeFlashPump                 
0     00083d9a  _ServiceDog                     
1     00006100  _SpiaRegs                       
1     00006110  _SpibRegs                       
1     00006120  _SpicRegs                       
0     00083e9f  _SysIntOsc1Sel                  
0     00083ea9  _SysIntOsc2Sel                  
0     00083eb3  _SysXtalOscSel                  
0     00083a9a  _TIMER0_ISR                     
0     00083a1d  _TIMER1_ISR                     
0     00083a22  _TIMER2_ISR                     
0     00083c75  _UPPA_ISR                       
0     00083c7a  _USBA_ISR                       
0     00083a6d  _USER10_ISR                     
0     00083a72  _USER11_ISR                     
0     00083a77  _USER12_ISR                     
0     00083a40  _USER1_ISR                      
0     00083a45  _USER2_ISR                      
0     00083a4a  _USER3_ISR                      
0     00083a4f  _USER4_ISR                      
0     00083a54  _USER5_ISR                      
0     00083a59  _USER6_ISR                      
0     00083a5e  _USER7_ISR                      
0     00083a63  _USER8_ISR                      
0     00083a68  _USER9_ISR                      
0     00083c16  _VCU_ISR                        
0     00083a9f  _WAKE_ISR                       
1     00007000  _WdRegs                         
0     00083a8b  _XINT1_ISR                      
0     00083a90  _XINT2_ISR                      
0     00083c07  _XINT3_ISR                      
0     00083c0c  _XINT4_ISR                      
0     00083c11  _XINT5_ISR                      
1     00007070  _XintRegs                       
1     00000800  __STACK_END                     
abs   00000400  __STACK_SIZE                    
1     0000aa5c  ___TI_cleanup_ptr               
1     0000aa5e  ___TI_dtors_ptr                 
1     0000aa5a  ___TI_enable_exit_profile_output
abs   ffffffff  ___TI_pprof_out_hndl            
abs   ffffffff  ___TI_prof_data_size            
abs   ffffffff  ___TI_prof_data_start           
abs   ffffffff  ___binit__                      
abs   ffffffff  ___c_args__                     
0     000821e8  ___cinit__                      
abs   ffffffff  ___etext__                      
abs   ffffffff  ___pinit__                      
abs   ffffffff  ___text__                       
0     000842cb  __args_main                     
1     0000aa64  __lock                          
0     00083fff  __nop                           
0     00083ffb  __register_lock                 
0     00083ff7  __register_unlock               
1     00000400  __stack                         
0     00084323  __system_post_cinit             
0     00084321  __system_pre_init               
1     0000aa66  __unlock                        
0     000841fe  _abort                          
1     0001a000  _c2_buf_1_output_count          
1     0000e000  _c2_buf_1_write_count           
1     0001b000  _c2_buf_2_output_count          
1     0000f000  _c2_buf_2_write_count           
1     00010000  _c2_results_buf_1               
1     00015000  _c2_results_buf_2               
1     0000d000  _c2_test_running                
0     000841aa  _c_int00                        
0     00083fb1  _copy_in                        
1     0000a800  _data_pointer                   
0     000842b1  _ddcopy                         
0     0008388c  _disk_initialize                
0     000839b2  _disk_ioctl                     
0     00083927  _disk_read                      
0     00083881  _disk_status                    
0     00083964  _disk_write                     
0     000842b1  _dpcopy                         
0     00084200  _exit                           
0     000830bc  _f_close                        
0     00083239  _f_closedir                     
0     000835af  _f_expand                       
0     0008329d  _f_getfree                      
0     000830d2  _f_lseek                        
0     0008341e  _f_mkdir                        
0     00082c85  _f_mount                        
0     00082cc1  _f_open                         
0     000831ef  _f_opendir                      
0     00082df3  _f_read                         
0     00083249  _f_readdir                      
0     000834fb  _f_rename                       
0     00083275  _f_stat                         
0     0008306b  _f_sync                         
0     00083342  _f_truncate                     
0     000833b2  _f_unlink                       
0     00082efd  _f_write                        
0     00082208  _get_fattime                    
0     00083ef9  _main                           
0     00084294  _memcpy                         
0     000842b1  _pdcopy                         
0     000842b1  _ppcopy                         
0     00083f2b  _write_data                     
abs   ffffffff  binit                           
0     000821e8  cinit                           
0     00080000  code_start                      
abs   ffffffff  etext                           
abs   ffffffff  pinit                           


GLOBAL SYMBOLS: SORTED BY Symbol Address 

page  address   name                            
----  -------   ----                            
0     00000ce0  _Cla1SoftIntRegs                
0     00008000  _InitFlash                      
0     00008000  _RamfuncsRunStart               
0     00008029  _FlashOff                       
0     00008037  _F28x_usDelay                   
0     0000803b  _RamfuncsRunEnd                 
0     00080000  code_start                      
0     00082000  _PieVectTableInit               
0     000821e8  ___cinit__                      
0     000821e8  cinit                           
0     00082208  _get_fattime                    
0     00082c85  _f_mount                        
0     00082cc1  _f_open                         
0     00082df3  _f_read                         
0     00082efd  _f_write                        
0     0008306b  _f_sync                         
0     000830bc  _f_close                        
0     000830d2  _f_lseek                        
0     000831ef  _f_opendir                      
0     00083239  _f_closedir                     
0     00083249  _f_readdir                      
0     00083275  _f_stat                         
0     0008329d  _f_getfree                      
0     00083342  _f_truncate                     
0     000833b2  _f_unlink                       
0     0008341e  _f_mkdir                        
0     000834fb  _f_rename                       
0     000835af  _f_expand                       
0     00083881  _disk_status                    
0     0008388c  _disk_initialize                
0     00083927  _disk_read                      
0     00083964  _disk_write                     
0     000839b2  _disk_ioctl                     
0     00083a1d  _TIMER1_ISR                     
0     00083a22  _TIMER2_ISR                     
0     00083a27  _DATALOG_ISR                    
0     00083a2c  _RTOS_ISR                       
0     00083a31  _EMU_ISR                        
0     00083a36  _NMI_ISR                        
0     00083a3b  _ILLEGAL_ISR                    
0     00083a40  _USER1_ISR                      
0     00083a45  _USER2_ISR                      
0     00083a4a  _USER3_ISR                      
0     00083a4f  _USER4_ISR                      
0     00083a54  _USER5_ISR                      
0     00083a59  _USER6_ISR                      
0     00083a5e  _USER7_ISR                      
0     00083a63  _USER8_ISR                      
0     00083a68  _USER9_ISR                      
0     00083a6d  _USER10_ISR                     
0     00083a72  _USER11_ISR                     
0     00083a77  _USER12_ISR                     
0     00083a7c  _ADCA1_ISR                      
0     00083a81  _ADCB1_ISR                      
0     00083a86  _ADCC1_ISR                      
0     00083a8b  _XINT1_ISR                      
0     00083a90  _XINT2_ISR                      
0     00083a95  _ADCD1_ISR                      
0     00083a9a  _TIMER0_ISR                     
0     00083a9f  _WAKE_ISR                       
0     00083aa4  _EPWM1_TZ_ISR                   
0     00083aa9  _EPWM2_TZ_ISR                   
0     00083aae  _EPWM3_TZ_ISR                   
0     00083ab3  _EPWM4_TZ_ISR                   
0     00083ab8  _EPWM5_TZ_ISR                   
0     00083abd  _EPWM6_TZ_ISR                   
0     00083ac2  _EPWM7_TZ_ISR                   
0     00083ac7  _EPWM8_TZ_ISR                   
0     00083acc  _EPWM1_ISR                      
0     00083ad1  _EPWM2_ISR                      
0     00083ad6  _EPWM3_ISR                      
0     00083adb  _EPWM4_ISR                      
0     00083ae0  _EPWM5_ISR                      
0     00083ae5  _EPWM6_ISR                      
0     00083aea  _EPWM7_ISR                      
0     00083aef  _EPWM8_ISR                      
0     00083af4  _ECAP1_ISR                      
0     00083af9  _ECAP2_ISR                      
0     00083afe  _ECAP3_ISR                      
0     00083b03  _ECAP4_ISR                      
0     00083b08  _ECAP5_ISR                      
0     00083b0d  _ECAP6_ISR                      
0     00083b12  _EQEP1_ISR                      
0     00083b17  _EQEP2_ISR                      
0     00083b1c  _EQEP3_ISR                      
0     00083b21  _SPIA_RX_ISR                    
0     00083b26  _SPIA_TX_ISR                    
0     00083b2b  _SPIB_RX_ISR                    
0     00083b30  _SPIB_TX_ISR                    
0     00083b35  _MCBSPA_RX_ISR                  
0     00083b3a  _MCBSPA_TX_ISR                  
0     00083b3f  _MCBSPB_RX_ISR                  
0     00083b44  _MCBSPB_TX_ISR                  
0     00083b49  _DMA_CH1_ISR                    
0     00083b4e  _DMA_CH2_ISR                    
0     00083b53  _DMA_CH3_ISR                    
0     00083b58  _DMA_CH4_ISR                    
0     00083b5d  _DMA_CH5_ISR                    
0     00083b62  _DMA_CH6_ISR                    
0     00083b67  _I2CA_ISR                       
0     00083b6c  _I2CA_FIFO_ISR                  
0     00083b71  _I2CB_ISR                       
0     00083b76  _I2CB_FIFO_ISR                  
0     00083b7b  _SCIC_RX_ISR                    
0     00083b80  _SCIC_TX_ISR                    
0     00083b85  _SCID_RX_ISR                    
0     00083b8a  _SCID_TX_ISR                    
0     00083b8f  _SCIA_RX_ISR                    
0     00083b94  _SCIA_TX_ISR                    
0     00083b99  _SCIB_RX_ISR                    
0     00083b9e  _SCIB_TX_ISR                    
0     00083ba3  _CANA0_ISR                      
0     00083ba8  _CANA1_ISR                      
0     00083bad  _CANB0_ISR                      
0     00083bb2  _CANB1_ISR                      
0     00083bb7  _ADCA_EVT_ISR                   
0     00083bbc  _ADCA2_ISR                      
0     00083bc1  _ADCA3_ISR                      
0     00083bc6  _ADCA4_ISR                      
0     00083bcb  _ADCB_EVT_ISR                   
0     00083bd0  _ADCB2_ISR                      
0     00083bd5  _ADCB3_ISR                      
0     00083bda  _ADCB4_ISR                      
0     00083bdf  _CLA1_1_ISR                     
0     00083be4  _CLA1_2_ISR                     
0     00083be9  _CLA1_3_ISR                     
0     00083bee  _CLA1_4_ISR                     
0     00083bf3  _CLA1_5_ISR                     
0     00083bf8  _CLA1_6_ISR                     
0     00083bfd  _CLA1_7_ISR                     
0     00083c02  _CLA1_8_ISR                     
0     00083c07  _XINT3_ISR                      
0     00083c0c  _XINT4_ISR                      
0     00083c11  _XINT5_ISR                      
0     00083c16  _VCU_ISR                        
0     00083c1b  _FPU_OVERFLOW_ISR               
0     00083c20  _FPU_UNDERFLOW_ISR              
0     00083c25  _IPC0_ISR                       
0     00083c2a  _IPC1_ISR                       
0     00083c2f  _IPC2_ISR                       
0     00083c34  _IPC3_ISR                       
0     00083c39  _EPWM9_TZ_ISR                   
0     00083c3e  _EPWM10_TZ_ISR                  
0     00083c43  _EPWM11_TZ_ISR                  
0     00083c48  _EPWM12_TZ_ISR                  
0     00083c4d  _EPWM9_ISR                      
0     00083c52  _EPWM10_ISR                     
0     00083c57  _EPWM11_ISR                     
0     00083c5c  _EPWM12_ISR                     
0     00083c61  _SD1_ISR                        
0     00083c66  _SD2_ISR                        
0     00083c6b  _SPIC_RX_ISR                    
0     00083c70  _SPIC_TX_ISR                    
0     00083c75  _UPPA_ISR                       
0     00083c7a  _USBA_ISR                       
0     00083c7f  _ADCC_EVT_ISR                   
0     00083c84  _ADCC2_ISR                      
0     00083c89  _ADCC3_ISR                      
0     00083c8e  _ADCC4_ISR                      
0     00083c93  _ADCD_EVT_ISR                   
0     00083c98  _ADCD2_ISR                      
0     00083c9d  _ADCD3_ISR                      
0     00083ca2  _ADCD4_ISR                      
0     00083ca7  _EMIF_ERROR_ISR                 
0     00083cac  _RAM_CORRECTABLE_ERROR_ISR      
0     00083cb1  _FLASH_CORRECTABLE_ERROR_ISR    
0     00083cb6  _RAM_ACCESS_VIOLATION_ISR       
0     00083cbb  _SYS_PLL_SLIP_ISR               
0     00083cc0  _AUX_PLL_SLIP_ISR               
0     00083cc5  _CLA_OVERFLOW_ISR               
0     00083cca  _CLA_UNDERFLOW_ISR              
0     00083ccf  _PIE_RESERVED_ISR               
0     00083cd4  _EMPTY_ISR                      
0     00083cd9  _NOTUSED_ISR                    
0     00083cde  _InitSysCtrl                    
0     00083cef  _InitPeripheralClocks           
0     00083d69  _DisablePeripheralClocks        
0     00083d81  _SeizeFlashPump                 
0     00083d90  _ReleaseFlashPump               
0     00083d9a  _ServiceDog                     
0     00083da8  _DisableDog                     
0     00083db6  _InitAuxPll                     
0     00083e7e  _CsmUnlock                      
0     00083e9f  _SysIntOsc1Sel                  
0     00083ea9  _SysIntOsc2Sel                  
0     00083eb3  _SysXtalOscSel                  
0     00083ebf  _AuxIntOsc2Sel                  
0     00083ec9  _AuxXtalOscSel                  
0     00083ed5  _AuxAuxClkSel                   
0     00083edf  _IDLE                           
0     00083ee8  _STANDBY                        
0     00083ef3  _HALT                           
0     00083ef6  _HIB                            
0     00083ef9  _main                           
0     00083f2b  _write_data                     
0     00083fb1  _copy_in                        
0     00083ff7  __register_unlock               
0     00083ffb  __register_lock                 
0     00083fff  __nop                           
0     00084000  FD$$ADD                         
0     0008409c  FD$$DIV                         
0     00084127  FD$$MPY                         
0     000841aa  _c_int00                        
0     000841fe  C$$EXIT                         
0     000841fe  _abort                          
0     00084200  _exit                           
0     00084227  _InitPieCtrl                    
0     00084246  _EnableInterrupts               
0     0008424f  _InitPieVectTable               
0     00084275  FD$$TOL                         
0     00084294  _memcpy                         
0     000842b1  _ddcopy                         
0     000842b1  _dpcopy                         
0     000842b1  _pdcopy                         
0     000842b1  _ppcopy                         
0     000842cb  __args_main                     
0     000842e4  LL$$AND                         
0     000842ec  LL$$OR                          
0     000842f4  LL$$XOR                         
0     000842fc  U$$TOFD                         
0     00084313  FD$$SUB                         
0     00084321  __system_pre_init               
0     00084323  __system_post_cinit             
0     00086000  _RamfuncsLoadStart              
0     0008603b  _RamfuncsLoadEnd                
1     00000400  __stack                         
1     00000800  __STACK_END                     
1     00000b00  _AdcaResultRegs                 
1     00000b20  _AdcbResultRegs                 
1     00000b40  _AdccResultRegs                 
1     00000b60  _AdcdResultRegs                 
1     00000c00  _CpuTimer0Regs                  
1     00000c08  _CpuTimer1Regs                  
1     00000c10  _CpuTimer2Regs                  
1     00000ce0  _PieCtrlRegs                    
1     00000d00  _EmuKey                         
1     00000d00  _PieVectTable                   
1     00000d01  _EmuBMode                       
1     00001000  _DmaRegs                        
1     00001400  _Cla1Regs                       
1     00004000  _EPwm1Regs                      
1     00004100  _EPwm2Regs                      
1     00004200  _EPwm3Regs                      
1     00004300  _EPwm4Regs                      
1     00004400  _EPwm5Regs                      
1     00004500  _EPwm6Regs                      
1     00004600  _EPwm7Regs                      
1     00004700  _EPwm8Regs                      
1     00004800  _EPwm9Regs                      
1     00004900  _EPwm10Regs                     
1     00004a00  _EPwm11Regs                     
1     00004b00  _EPwm12Regs                     
1     00005000  _ECap1Regs                      
1     00005020  _ECap2Regs                      
1     00005040  _ECap3Regs                      
1     00005060  _ECap4Regs                      
1     00005080  _ECap5Regs                      
1     000050a0  _ECap6Regs                      
1     00005100  _EQep1Regs                      
1     00005140  _EQep2Regs                      
1     00005180  _EQep3Regs                      
1     00005c00  _DacaRegs                       
1     00005c10  _DacbRegs                       
1     00005c20  _DaccRegs                       
1     00005c80  _Cmpss1Regs                     
1     00005ca0  _Cmpss2Regs                     
1     00005cc0  _Cmpss3Regs                     
1     00005ce0  _Cmpss4Regs                     
1     00005d00  _Cmpss5Regs                     
1     00005d20  _Cmpss6Regs                     
1     00005d40  _Cmpss7Regs                     
1     00005d60  _Cmpss8Regs                     
1     00005e00  _Sdfm1Regs                      
1     00005e80  _Sdfm2Regs                      
1     00006000  _McbspaRegs                     
1     00006040  _McbspbRegs                     
1     00006100  _SpiaRegs                       
1     00006110  _SpibRegs                       
1     00006120  _SpicRegs                       
1     00007000  _WdRegs                         
1     00007060  _NmiIntruptRegs                 
1     00007070  _XintRegs                       
1     00007200  _SciaRegs                       
1     00007210  _ScibRegs                       
1     00007220  _ScicRegs                       
1     00007230  _ScidRegs                       
1     00007300  _I2caRegs                       
1     00007340  _I2cbRegs                       
1     00007400  _AdcaRegs                       
1     00007480  _AdcbRegs                       
1     00007500  _AdccRegs                       
1     00007580  _AdcdRegs                       
1     00007980  _DmaClaSrcSelRegs               
1     00007f00  _GpioDataRegs                   
1     0000a800  _data_pointer                   
1     0000a802  _Fil                            
1     0000a840  _FatFs                          
1     0000aa5a  ___TI_enable_exit_profile_output
1     0000aa5c  ___TI_cleanup_ptr               
1     0000aa5e  ___TI_dtors_ptr                 
1     0000aa64  __lock                          
1     0000aa66  __unlock                        
1     0000d000  _c2_test_running                
1     0000e000  _c2_buf_1_write_count           
1     0000f000  _c2_buf_2_write_count           
1     00010000  _c2_results_buf_1               
1     00015000  _c2_results_buf_2               
1     0001a000  _c2_buf_1_output_count          
1     0001b000  _c2_buf_2_output_count          
1     00047000  _Emif1Regs                      
1     00047800  _Emif2Regs                      
1     00050000  _IpcRegs                        
1     00050024  _FlashPumpSemaphoreRegs         
1     0005d200  _ClkCfgRegs                     
1     0005d300  _CpuSysRegs                     
1     0005f000  _DcsmZ1Regs                     
1     0005f040  _DcsmZ2Regs                     
1     0005f070  _DcsmCommonRegs                 
1     0005f400  _MemCfgRegs                     
1     0005f480  _Emif1ConfigRegs                
1     0005f4c0  _AccessProtectionRegs           
1     0005f500  _MemoryErrorRegs                
1     0005f800  _Flash0CtrlRegs                 
1     0005fb00  _Flash0EccRegs                  
1     00078000  _DcsmZ1Otp                      
1     00078200  _DcsmZ2Otp                      
abs   0000003b  _RamfuncsLoadSize               
abs   0000003b  _RamfuncsRunSize                
abs   00000400  __STACK_SIZE                    
abs   ffffffff  .text                           
abs   ffffffff  ___TI_pprof_out_hndl            
abs   ffffffff  ___TI_prof_data_size            
abs   ffffffff  ___TI_prof_data_start           
abs   ffffffff  ___binit__                      
abs   ffffffff  ___c_args__                     
abs   ffffffff  ___etext__                      
abs   ffffffff  ___pinit__                      
abs   ffffffff  ___text__                       
abs   ffffffff  binit                           
abs   ffffffff  etext                           
abs   ffffffff  pinit                           

[341 symbols]
